

================================================================
== Vivado HLS Report for 'dense_array_array_ap_fixed_16_6_5_3_0_16u_config12_s'
================================================================
* Date:           Tue Jun 29 10:39:55 2021

* Version:        2020.1 (Build 2897737 on Wed May 27 20:21:37 MDT 2020)
* Project:        myproject_prj
* Solution:       solution1
* Product family: virtexuplus
* Target device:  xcu250-figd2104-2L-e


================================================================
== Performance Estimates
================================================================
+ Timing: 
    * Summary: 
    +--------+---------+----------+------------+
    |  Clock |  Target | Estimated| Uncertainty|
    +--------+---------+----------+------------+
    |ap_clk  | 5.00 ns | 3.561 ns |   0.62 ns  |
    +--------+---------+----------+------------+

+ Latency: 
    * Summary: 
    +---------+---------+----------+----------+-----+-----+---------+
    |  Latency (cycles) |  Latency (absolute) |  Interval | Pipeline|
    |   min   |   max   |    min   |    max   | min | max |   Type  |
    +---------+---------+----------+----------+-----+-----+---------+
    |       67|       68| 0.335 us | 0.340 us |   67|   68|   none  |
    +---------+---------+----------+----------+-----+-----+---------+

    + Detail: 
        * Instance: 
        +-------------------------------------------------------------------+--------------------------------------------------------+---------+---------+----------+----------+-----+-----+---------------------------------------------+
        |                                                                   |                                                        |  Latency (cycles) |  Latency (absolute) |  Interval |                   Pipeline                  |
        |                              Instance                             |                         Module                         |   min   |   max   |    min   |    max   | min | max |                     Type                    |
        +-------------------------------------------------------------------+--------------------------------------------------------+---------+---------+----------+----------+-----+-----+---------------------------------------------+
        |grp_dense_wrapper_ap_ufixed_ap_fixed_16_6_5_3_0_config12_s_fu_244  |dense_wrapper_ap_ufixed_ap_fixed_16_6_5_3_0_config12_s  |       65|       66| 0.325 us | 0.330 us |   64|   64| loop rewind(delay=0 initiation interval(s)) |
        +-------------------------------------------------------------------+--------------------------------------------------------+---------+---------+----------+----------+-----+-----+---------------------------------------------+

        * Loop: 
        N/A



================================================================
== Utilization Estimates
================================================================
* Summary: 
+---------------------+---------+-------+---------+---------+------+
|         Name        | BRAM_18K| DSP48E|    FF   |   LUT   | URAM |
+---------------------+---------+-------+---------+---------+------+
|DSP                  |        -|      -|        -|        -|     -|
|Expression           |        -|      -|        0|        6|     -|
|FIFO                 |        -|      -|        -|        -|     -|
|Instance             |        3|      8|     1853|     2263|     -|
|Memory               |        -|      -|        -|        -|     -|
|Multiplexer          |        -|      -|        -|      471|     -|
|Register             |        -|      -|      646|        -|     -|
+---------------------+---------+-------+---------+---------+------+
|Total                |        3|      8|     2499|     2740|     0|
+---------------------+---------+-------+---------+---------+------+
|Available SLR        |     1344|   3072|   864000|   432000|   320|
+---------------------+---------+-------+---------+---------+------+
|Utilization SLR (%)  |    ~0   |   ~0  |    ~0   |    ~0   |     0|
+---------------------+---------+-------+---------+---------+------+
|Available            |     5376|  12288|  3456000|  1728000|  1280|
+---------------------+---------+-------+---------+---------+------+
|Utilization (%)      |    ~0   |   ~0  |    ~0   |    ~0   |     0|
+---------------------+---------+-------+---------+---------+------+

+ Detail: 
    * Instance: 
    +-------------------------------------------------------------------+--------------------------------------------------------+---------+-------+------+------+-----+
    |                              Instance                             |                         Module                         | BRAM_18K| DSP48E|  FF  |  LUT | URAM|
    +-------------------------------------------------------------------+--------------------------------------------------------+---------+-------+------+------+-----+
    |grp_dense_wrapper_ap_ufixed_ap_fixed_16_6_5_3_0_config12_s_fu_244  |dense_wrapper_ap_ufixed_ap_fixed_16_6_5_3_0_config12_s  |        3|      8|  1853|  2263|    0|
    +-------------------------------------------------------------------+--------------------------------------------------------+---------+-------+------+------+-----+
    |Total                                                              |                                                        |        3|      8|  1853|  2263|    0|
    +-------------------------------------------------------------------+--------------------------------------------------------+---------+-------+------+------+-----+

    * DSP48E: 
    N/A

    * Memory: 
    N/A

    * FIFO: 
    N/A

    * Expression: 
    +---------------------------+----------+-------+---+----+------------+------------+
    |       Variable Name       | Operation| DSP48E| FF| LUT| Bitwidth P0| Bitwidth P1|
    +---------------------------+----------+-------+---+----+------------+------------+
    |io_acc_block_signal_op105  |    and   |      0|  0|   2|           1|           1|
    |io_acc_block_signal_op4    |    and   |      0|  0|   2|           1|           1|
    |ap_block_state1            |    or    |      0|  0|   2|           1|           1|
    +---------------------------+----------+-------+---+----+------------+------------+
    |Total                      |          |      0|  0|   6|           3|           3|
    +---------------------------+----------+-------+---+----+------------+------------+

    * Multiplexer: 
    +-------------------------------+----+-----------+-----+-----------+
    |              Name             | LUT| Input Size| Bits| Total Bits|
    +-------------------------------+----+-----------+-----+-----------+
    |ap_NS_fsm                      |  21|          4|    1|          4|
    |ap_done                        |   9|          2|    1|          2|
    |data_stream_V_data_0_V_blk_n   |   9|          2|    1|          2|
    |data_stream_V_data_10_V_blk_n  |   9|          2|    1|          2|
    |data_stream_V_data_11_V_blk_n  |   9|          2|    1|          2|
    |data_stream_V_data_12_V_blk_n  |   9|          2|    1|          2|
    |data_stream_V_data_13_V_blk_n  |   9|          2|    1|          2|
    |data_stream_V_data_14_V_blk_n  |   9|          2|    1|          2|
    |data_stream_V_data_15_V_blk_n  |   9|          2|    1|          2|
    |data_stream_V_data_16_V_blk_n  |   9|          2|    1|          2|
    |data_stream_V_data_17_V_blk_n  |   9|          2|    1|          2|
    |data_stream_V_data_18_V_blk_n  |   9|          2|    1|          2|
    |data_stream_V_data_19_V_blk_n  |   9|          2|    1|          2|
    |data_stream_V_data_1_V_blk_n   |   9|          2|    1|          2|
    |data_stream_V_data_20_V_blk_n  |   9|          2|    1|          2|
    |data_stream_V_data_21_V_blk_n  |   9|          2|    1|          2|
    |data_stream_V_data_22_V_blk_n  |   9|          2|    1|          2|
    |data_stream_V_data_23_V_blk_n  |   9|          2|    1|          2|
    |data_stream_V_data_24_V_blk_n  |   9|          2|    1|          2|
    |data_stream_V_data_25_V_blk_n  |   9|          2|    1|          2|
    |data_stream_V_data_26_V_blk_n  |   9|          2|    1|          2|
    |data_stream_V_data_27_V_blk_n  |   9|          2|    1|          2|
    |data_stream_V_data_28_V_blk_n  |   9|          2|    1|          2|
    |data_stream_V_data_29_V_blk_n  |   9|          2|    1|          2|
    |data_stream_V_data_2_V_blk_n   |   9|          2|    1|          2|
    |data_stream_V_data_30_V_blk_n  |   9|          2|    1|          2|
    |data_stream_V_data_31_V_blk_n  |   9|          2|    1|          2|
    |data_stream_V_data_3_V_blk_n   |   9|          2|    1|          2|
    |data_stream_V_data_4_V_blk_n   |   9|          2|    1|          2|
    |data_stream_V_data_5_V_blk_n   |   9|          2|    1|          2|
    |data_stream_V_data_6_V_blk_n   |   9|          2|    1|          2|
    |data_stream_V_data_7_V_blk_n   |   9|          2|    1|          2|
    |data_stream_V_data_8_V_blk_n   |   9|          2|    1|          2|
    |data_stream_V_data_9_V_blk_n   |   9|          2|    1|          2|
    |real_start                     |   9|          2|    1|          2|
    |res_stream_V_data_0_V_blk_n    |   9|          2|    1|          2|
    |res_stream_V_data_10_V_blk_n   |   9|          2|    1|          2|
    |res_stream_V_data_11_V_blk_n   |   9|          2|    1|          2|
    |res_stream_V_data_12_V_blk_n   |   9|          2|    1|          2|
    |res_stream_V_data_13_V_blk_n   |   9|          2|    1|          2|
    |res_stream_V_data_14_V_blk_n   |   9|          2|    1|          2|
    |res_stream_V_data_15_V_blk_n   |   9|          2|    1|          2|
    |res_stream_V_data_1_V_blk_n    |   9|          2|    1|          2|
    |res_stream_V_data_2_V_blk_n    |   9|          2|    1|          2|
    |res_stream_V_data_3_V_blk_n    |   9|          2|    1|          2|
    |res_stream_V_data_4_V_blk_n    |   9|          2|    1|          2|
    |res_stream_V_data_5_V_blk_n    |   9|          2|    1|          2|
    |res_stream_V_data_6_V_blk_n    |   9|          2|    1|          2|
    |res_stream_V_data_7_V_blk_n    |   9|          2|    1|          2|
    |res_stream_V_data_8_V_blk_n    |   9|          2|    1|          2|
    |res_stream_V_data_9_V_blk_n    |   9|          2|    1|          2|
    +-------------------------------+----+-----------+-----+-----------+
    |Total                          | 471|        104|   51|        104|
    +-------------------------------+----+-----------+-----+-----------+

    * Register: 
    +--------------------------------------------------------------------------------+----+----+-----+-----------+
    |                                      Name                                      | FF | LUT| Bits| Const Bits|
    +--------------------------------------------------------------------------------+----+----+-----+-----------+
    |ap_CS_fsm                                                                       |   3|   0|    3|          0|
    |ap_done_reg                                                                     |   1|   0|    1|          0|
    |data_0_V_reg_508                                                                |  12|   0|   12|          0|
    |data_10_V_reg_558                                                               |  12|   0|   12|          0|
    |data_11_V_reg_563                                                               |  12|   0|   12|          0|
    |data_12_V_reg_568                                                               |  12|   0|   12|          0|
    |data_13_V_reg_573                                                               |  12|   0|   12|          0|
    |data_14_V_reg_578                                                               |  12|   0|   12|          0|
    |data_15_V_reg_583                                                               |  12|   0|   12|          0|
    |data_16_V_reg_588                                                               |  12|   0|   12|          0|
    |data_17_V_reg_593                                                               |  12|   0|   12|          0|
    |data_18_V_reg_598                                                               |  12|   0|   12|          0|
    |data_19_V_reg_603                                                               |  12|   0|   12|          0|
    |data_1_V_reg_513                                                                |  12|   0|   12|          0|
    |data_20_V_reg_608                                                               |  12|   0|   12|          0|
    |data_21_V_reg_613                                                               |  12|   0|   12|          0|
    |data_22_V_reg_618                                                               |  12|   0|   12|          0|
    |data_23_V_reg_623                                                               |  12|   0|   12|          0|
    |data_24_V_reg_628                                                               |  12|   0|   12|          0|
    |data_25_V_reg_633                                                               |  12|   0|   12|          0|
    |data_26_V_reg_638                                                               |  12|   0|   12|          0|
    |data_27_V_reg_643                                                               |  12|   0|   12|          0|
    |data_28_V_reg_648                                                               |  12|   0|   12|          0|
    |data_29_V_reg_653                                                               |  12|   0|   12|          0|
    |data_2_V_reg_518                                                                |  12|   0|   12|          0|
    |data_30_V_reg_658                                                               |  12|   0|   12|          0|
    |data_31_V_reg_663                                                               |  12|   0|   12|          0|
    |data_3_V_reg_523                                                                |  12|   0|   12|          0|
    |data_4_V_reg_528                                                                |  12|   0|   12|          0|
    |data_5_V_reg_533                                                                |  12|   0|   12|          0|
    |data_6_V_reg_538                                                                |  12|   0|   12|          0|
    |data_7_V_reg_543                                                                |  12|   0|   12|          0|
    |data_8_V_reg_548                                                                |  12|   0|   12|          0|
    |data_9_V_reg_553                                                                |  12|   0|   12|          0|
    |grp_dense_wrapper_ap_ufixed_ap_fixed_16_6_5_3_0_config12_s_fu_244_ap_start_reg  |   1|   0|    1|          0|
    |start_once_reg                                                                  |   1|   0|    1|          0|
    |tmp_data_0_V_reg_668                                                            |  16|   0|   16|          0|
    |tmp_data_10_V_reg_718                                                           |  16|   0|   16|          0|
    |tmp_data_11_V_reg_723                                                           |  16|   0|   16|          0|
    |tmp_data_12_V_reg_728                                                           |  16|   0|   16|          0|
    |tmp_data_13_V_reg_733                                                           |  16|   0|   16|          0|
    |tmp_data_14_V_reg_738                                                           |  16|   0|   16|          0|
    |tmp_data_15_V_reg_743                                                           |  16|   0|   16|          0|
    |tmp_data_1_V_reg_673                                                            |  16|   0|   16|          0|
    |tmp_data_2_V_reg_678                                                            |  16|   0|   16|          0|
    |tmp_data_3_V_reg_683                                                            |  16|   0|   16|          0|
    |tmp_data_4_V_reg_688                                                            |  16|   0|   16|          0|
    |tmp_data_5_V_reg_693                                                            |  16|   0|   16|          0|
    |tmp_data_6_V_reg_698                                                            |  16|   0|   16|          0|
    |tmp_data_7_V_reg_703                                                            |  16|   0|   16|          0|
    |tmp_data_8_V_reg_708                                                            |  16|   0|   16|          0|
    |tmp_data_9_V_reg_713                                                            |  16|   0|   16|          0|
    +--------------------------------------------------------------------------------+----+----+-----+-----------+
    |Total                                                                           | 646|   0|  646|          0|
    +--------------------------------------------------------------------------------+----+----+-----+-----------+



================================================================
== Interface
================================================================
* Summary: 
+---------------------------------+-----+-----+------------+-------------------------------------------------------+--------------+
|            RTL Ports            | Dir | Bits|  Protocol  |                     Source Object                     |    C Type    |
+---------------------------------+-----+-----+------------+-------------------------------------------------------+--------------+
|ap_clk                           |  in |    1| ap_ctrl_hs | dense<array,array<ap_fixed<16,6,5,3,0>,16u>,config12> | return value |
|ap_rst                           |  in |    1| ap_ctrl_hs | dense<array,array<ap_fixed<16,6,5,3,0>,16u>,config12> | return value |
|ap_start                         |  in |    1| ap_ctrl_hs | dense<array,array<ap_fixed<16,6,5,3,0>,16u>,config12> | return value |
|start_full_n                     |  in |    1| ap_ctrl_hs | dense<array,array<ap_fixed<16,6,5,3,0>,16u>,config12> | return value |
|ap_done                          | out |    1| ap_ctrl_hs | dense<array,array<ap_fixed<16,6,5,3,0>,16u>,config12> | return value |
|ap_continue                      |  in |    1| ap_ctrl_hs | dense<array,array<ap_fixed<16,6,5,3,0>,16u>,config12> | return value |
|ap_idle                          | out |    1| ap_ctrl_hs | dense<array,array<ap_fixed<16,6,5,3,0>,16u>,config12> | return value |
|ap_ready                         | out |    1| ap_ctrl_hs | dense<array,array<ap_fixed<16,6,5,3,0>,16u>,config12> | return value |
|start_out                        | out |    1| ap_ctrl_hs | dense<array,array<ap_fixed<16,6,5,3,0>,16u>,config12> | return value |
|start_write                      | out |    1| ap_ctrl_hs | dense<array,array<ap_fixed<16,6,5,3,0>,16u>,config12> | return value |
|data_stream_V_data_0_V_dout      |  in |   12|   ap_fifo  |                 data_stream_V_data_0_V                |    pointer   |
|data_stream_V_data_0_V_empty_n   |  in |    1|   ap_fifo  |                 data_stream_V_data_0_V                |    pointer   |
|data_stream_V_data_0_V_read      | out |    1|   ap_fifo  |                 data_stream_V_data_0_V                |    pointer   |
|data_stream_V_data_1_V_dout      |  in |   12|   ap_fifo  |                 data_stream_V_data_1_V                |    pointer   |
|data_stream_V_data_1_V_empty_n   |  in |    1|   ap_fifo  |                 data_stream_V_data_1_V                |    pointer   |
|data_stream_V_data_1_V_read      | out |    1|   ap_fifo  |                 data_stream_V_data_1_V                |    pointer   |
|data_stream_V_data_2_V_dout      |  in |   12|   ap_fifo  |                 data_stream_V_data_2_V                |    pointer   |
|data_stream_V_data_2_V_empty_n   |  in |    1|   ap_fifo  |                 data_stream_V_data_2_V                |    pointer   |
|data_stream_V_data_2_V_read      | out |    1|   ap_fifo  |                 data_stream_V_data_2_V                |    pointer   |
|data_stream_V_data_3_V_dout      |  in |   12|   ap_fifo  |                 data_stream_V_data_3_V                |    pointer   |
|data_stream_V_data_3_V_empty_n   |  in |    1|   ap_fifo  |                 data_stream_V_data_3_V                |    pointer   |
|data_stream_V_data_3_V_read      | out |    1|   ap_fifo  |                 data_stream_V_data_3_V                |    pointer   |
|data_stream_V_data_4_V_dout      |  in |   12|   ap_fifo  |                 data_stream_V_data_4_V                |    pointer   |
|data_stream_V_data_4_V_empty_n   |  in |    1|   ap_fifo  |                 data_stream_V_data_4_V                |    pointer   |
|data_stream_V_data_4_V_read      | out |    1|   ap_fifo  |                 data_stream_V_data_4_V                |    pointer   |
|data_stream_V_data_5_V_dout      |  in |   12|   ap_fifo  |                 data_stream_V_data_5_V                |    pointer   |
|data_stream_V_data_5_V_empty_n   |  in |    1|   ap_fifo  |                 data_stream_V_data_5_V                |    pointer   |
|data_stream_V_data_5_V_read      | out |    1|   ap_fifo  |                 data_stream_V_data_5_V                |    pointer   |
|data_stream_V_data_6_V_dout      |  in |   12|   ap_fifo  |                 data_stream_V_data_6_V                |    pointer   |
|data_stream_V_data_6_V_empty_n   |  in |    1|   ap_fifo  |                 data_stream_V_data_6_V                |    pointer   |
|data_stream_V_data_6_V_read      | out |    1|   ap_fifo  |                 data_stream_V_data_6_V                |    pointer   |
|data_stream_V_data_7_V_dout      |  in |   12|   ap_fifo  |                 data_stream_V_data_7_V                |    pointer   |
|data_stream_V_data_7_V_empty_n   |  in |    1|   ap_fifo  |                 data_stream_V_data_7_V                |    pointer   |
|data_stream_V_data_7_V_read      | out |    1|   ap_fifo  |                 data_stream_V_data_7_V                |    pointer   |
|data_stream_V_data_8_V_dout      |  in |   12|   ap_fifo  |                 data_stream_V_data_8_V                |    pointer   |
|data_stream_V_data_8_V_empty_n   |  in |    1|   ap_fifo  |                 data_stream_V_data_8_V                |    pointer   |
|data_stream_V_data_8_V_read      | out |    1|   ap_fifo  |                 data_stream_V_data_8_V                |    pointer   |
|data_stream_V_data_9_V_dout      |  in |   12|   ap_fifo  |                 data_stream_V_data_9_V                |    pointer   |
|data_stream_V_data_9_V_empty_n   |  in |    1|   ap_fifo  |                 data_stream_V_data_9_V                |    pointer   |
|data_stream_V_data_9_V_read      | out |    1|   ap_fifo  |                 data_stream_V_data_9_V                |    pointer   |
|data_stream_V_data_10_V_dout     |  in |   12|   ap_fifo  |                data_stream_V_data_10_V                |    pointer   |
|data_stream_V_data_10_V_empty_n  |  in |    1|   ap_fifo  |                data_stream_V_data_10_V                |    pointer   |
|data_stream_V_data_10_V_read     | out |    1|   ap_fifo  |                data_stream_V_data_10_V                |    pointer   |
|data_stream_V_data_11_V_dout     |  in |   12|   ap_fifo  |                data_stream_V_data_11_V                |    pointer   |
|data_stream_V_data_11_V_empty_n  |  in |    1|   ap_fifo  |                data_stream_V_data_11_V                |    pointer   |
|data_stream_V_data_11_V_read     | out |    1|   ap_fifo  |                data_stream_V_data_11_V                |    pointer   |
|data_stream_V_data_12_V_dout     |  in |   12|   ap_fifo  |                data_stream_V_data_12_V                |    pointer   |
|data_stream_V_data_12_V_empty_n  |  in |    1|   ap_fifo  |                data_stream_V_data_12_V                |    pointer   |
|data_stream_V_data_12_V_read     | out |    1|   ap_fifo  |                data_stream_V_data_12_V                |    pointer   |
|data_stream_V_data_13_V_dout     |  in |   12|   ap_fifo  |                data_stream_V_data_13_V                |    pointer   |
|data_stream_V_data_13_V_empty_n  |  in |    1|   ap_fifo  |                data_stream_V_data_13_V                |    pointer   |
|data_stream_V_data_13_V_read     | out |    1|   ap_fifo  |                data_stream_V_data_13_V                |    pointer   |
|data_stream_V_data_14_V_dout     |  in |   12|   ap_fifo  |                data_stream_V_data_14_V                |    pointer   |
|data_stream_V_data_14_V_empty_n  |  in |    1|   ap_fifo  |                data_stream_V_data_14_V                |    pointer   |
|data_stream_V_data_14_V_read     | out |    1|   ap_fifo  |                data_stream_V_data_14_V                |    pointer   |
|data_stream_V_data_15_V_dout     |  in |   12|   ap_fifo  |                data_stream_V_data_15_V                |    pointer   |
|data_stream_V_data_15_V_empty_n  |  in |    1|   ap_fifo  |                data_stream_V_data_15_V                |    pointer   |
|data_stream_V_data_15_V_read     | out |    1|   ap_fifo  |                data_stream_V_data_15_V                |    pointer   |
|data_stream_V_data_16_V_dout     |  in |   12|   ap_fifo  |                data_stream_V_data_16_V                |    pointer   |
|data_stream_V_data_16_V_empty_n  |  in |    1|   ap_fifo  |                data_stream_V_data_16_V                |    pointer   |
|data_stream_V_data_16_V_read     | out |    1|   ap_fifo  |                data_stream_V_data_16_V                |    pointer   |
|data_stream_V_data_17_V_dout     |  in |   12|   ap_fifo  |                data_stream_V_data_17_V                |    pointer   |
|data_stream_V_data_17_V_empty_n  |  in |    1|   ap_fifo  |                data_stream_V_data_17_V                |    pointer   |
|data_stream_V_data_17_V_read     | out |    1|   ap_fifo  |                data_stream_V_data_17_V                |    pointer   |
|data_stream_V_data_18_V_dout     |  in |   12|   ap_fifo  |                data_stream_V_data_18_V                |    pointer   |
|data_stream_V_data_18_V_empty_n  |  in |    1|   ap_fifo  |                data_stream_V_data_18_V                |    pointer   |
|data_stream_V_data_18_V_read     | out |    1|   ap_fifo  |                data_stream_V_data_18_V                |    pointer   |
|data_stream_V_data_19_V_dout     |  in |   12|   ap_fifo  |                data_stream_V_data_19_V                |    pointer   |
|data_stream_V_data_19_V_empty_n  |  in |    1|   ap_fifo  |                data_stream_V_data_19_V                |    pointer   |
|data_stream_V_data_19_V_read     | out |    1|   ap_fifo  |                data_stream_V_data_19_V                |    pointer   |
|data_stream_V_data_20_V_dout     |  in |   12|   ap_fifo  |                data_stream_V_data_20_V                |    pointer   |
|data_stream_V_data_20_V_empty_n  |  in |    1|   ap_fifo  |                data_stream_V_data_20_V                |    pointer   |
|data_stream_V_data_20_V_read     | out |    1|   ap_fifo  |                data_stream_V_data_20_V                |    pointer   |
|data_stream_V_data_21_V_dout     |  in |   12|   ap_fifo  |                data_stream_V_data_21_V                |    pointer   |
|data_stream_V_data_21_V_empty_n  |  in |    1|   ap_fifo  |                data_stream_V_data_21_V                |    pointer   |
|data_stream_V_data_21_V_read     | out |    1|   ap_fifo  |                data_stream_V_data_21_V                |    pointer   |
|data_stream_V_data_22_V_dout     |  in |   12|   ap_fifo  |                data_stream_V_data_22_V                |    pointer   |
|data_stream_V_data_22_V_empty_n  |  in |    1|   ap_fifo  |                data_stream_V_data_22_V                |    pointer   |
|data_stream_V_data_22_V_read     | out |    1|   ap_fifo  |                data_stream_V_data_22_V                |    pointer   |
|data_stream_V_data_23_V_dout     |  in |   12|   ap_fifo  |                data_stream_V_data_23_V                |    pointer   |
|data_stream_V_data_23_V_empty_n  |  in |    1|   ap_fifo  |                data_stream_V_data_23_V                |    pointer   |
|data_stream_V_data_23_V_read     | out |    1|   ap_fifo  |                data_stream_V_data_23_V                |    pointer   |
|data_stream_V_data_24_V_dout     |  in |   12|   ap_fifo  |                data_stream_V_data_24_V                |    pointer   |
|data_stream_V_data_24_V_empty_n  |  in |    1|   ap_fifo  |                data_stream_V_data_24_V                |    pointer   |
|data_stream_V_data_24_V_read     | out |    1|   ap_fifo  |                data_stream_V_data_24_V                |    pointer   |
|data_stream_V_data_25_V_dout     |  in |   12|   ap_fifo  |                data_stream_V_data_25_V                |    pointer   |
|data_stream_V_data_25_V_empty_n  |  in |    1|   ap_fifo  |                data_stream_V_data_25_V                |    pointer   |
|data_stream_V_data_25_V_read     | out |    1|   ap_fifo  |                data_stream_V_data_25_V                |    pointer   |
|data_stream_V_data_26_V_dout     |  in |   12|   ap_fifo  |                data_stream_V_data_26_V                |    pointer   |
|data_stream_V_data_26_V_empty_n  |  in |    1|   ap_fifo  |                data_stream_V_data_26_V                |    pointer   |
|data_stream_V_data_26_V_read     | out |    1|   ap_fifo  |                data_stream_V_data_26_V                |    pointer   |
|data_stream_V_data_27_V_dout     |  in |   12|   ap_fifo  |                data_stream_V_data_27_V                |    pointer   |
|data_stream_V_data_27_V_empty_n  |  in |    1|   ap_fifo  |                data_stream_V_data_27_V                |    pointer   |
|data_stream_V_data_27_V_read     | out |    1|   ap_fifo  |                data_stream_V_data_27_V                |    pointer   |
|data_stream_V_data_28_V_dout     |  in |   12|   ap_fifo  |                data_stream_V_data_28_V                |    pointer   |
|data_stream_V_data_28_V_empty_n  |  in |    1|   ap_fifo  |                data_stream_V_data_28_V                |    pointer   |
|data_stream_V_data_28_V_read     | out |    1|   ap_fifo  |                data_stream_V_data_28_V                |    pointer   |
|data_stream_V_data_29_V_dout     |  in |   12|   ap_fifo  |                data_stream_V_data_29_V                |    pointer   |
|data_stream_V_data_29_V_empty_n  |  in |    1|   ap_fifo  |                data_stream_V_data_29_V                |    pointer   |
|data_stream_V_data_29_V_read     | out |    1|   ap_fifo  |                data_stream_V_data_29_V                |    pointer   |
|data_stream_V_data_30_V_dout     |  in |   12|   ap_fifo  |                data_stream_V_data_30_V                |    pointer   |
|data_stream_V_data_30_V_empty_n  |  in |    1|   ap_fifo  |                data_stream_V_data_30_V                |    pointer   |
|data_stream_V_data_30_V_read     | out |    1|   ap_fifo  |                data_stream_V_data_30_V                |    pointer   |
|data_stream_V_data_31_V_dout     |  in |   12|   ap_fifo  |                data_stream_V_data_31_V                |    pointer   |
|data_stream_V_data_31_V_empty_n  |  in |    1|   ap_fifo  |                data_stream_V_data_31_V                |    pointer   |
|data_stream_V_data_31_V_read     | out |    1|   ap_fifo  |                data_stream_V_data_31_V                |    pointer   |
|res_stream_V_data_0_V_din        | out |   16|   ap_fifo  |                 res_stream_V_data_0_V                 |    pointer   |
|res_stream_V_data_0_V_full_n     |  in |    1|   ap_fifo  |                 res_stream_V_data_0_V                 |    pointer   |
|res_stream_V_data_0_V_write      | out |    1|   ap_fifo  |                 res_stream_V_data_0_V                 |    pointer   |
|res_stream_V_data_1_V_din        | out |   16|   ap_fifo  |                 res_stream_V_data_1_V                 |    pointer   |
|res_stream_V_data_1_V_full_n     |  in |    1|   ap_fifo  |                 res_stream_V_data_1_V                 |    pointer   |
|res_stream_V_data_1_V_write      | out |    1|   ap_fifo  |                 res_stream_V_data_1_V                 |    pointer   |
|res_stream_V_data_2_V_din        | out |   16|   ap_fifo  |                 res_stream_V_data_2_V                 |    pointer   |
|res_stream_V_data_2_V_full_n     |  in |    1|   ap_fifo  |                 res_stream_V_data_2_V                 |    pointer   |
|res_stream_V_data_2_V_write      | out |    1|   ap_fifo  |                 res_stream_V_data_2_V                 |    pointer   |
|res_stream_V_data_3_V_din        | out |   16|   ap_fifo  |                 res_stream_V_data_3_V                 |    pointer   |
|res_stream_V_data_3_V_full_n     |  in |    1|   ap_fifo  |                 res_stream_V_data_3_V                 |    pointer   |
|res_stream_V_data_3_V_write      | out |    1|   ap_fifo  |                 res_stream_V_data_3_V                 |    pointer   |
|res_stream_V_data_4_V_din        | out |   16|   ap_fifo  |                 res_stream_V_data_4_V                 |    pointer   |
|res_stream_V_data_4_V_full_n     |  in |    1|   ap_fifo  |                 res_stream_V_data_4_V                 |    pointer   |
|res_stream_V_data_4_V_write      | out |    1|   ap_fifo  |                 res_stream_V_data_4_V                 |    pointer   |
|res_stream_V_data_5_V_din        | out |   16|   ap_fifo  |                 res_stream_V_data_5_V                 |    pointer   |
|res_stream_V_data_5_V_full_n     |  in |    1|   ap_fifo  |                 res_stream_V_data_5_V                 |    pointer   |
|res_stream_V_data_5_V_write      | out |    1|   ap_fifo  |                 res_stream_V_data_5_V                 |    pointer   |
|res_stream_V_data_6_V_din        | out |   16|   ap_fifo  |                 res_stream_V_data_6_V                 |    pointer   |
|res_stream_V_data_6_V_full_n     |  in |    1|   ap_fifo  |                 res_stream_V_data_6_V                 |    pointer   |
|res_stream_V_data_6_V_write      | out |    1|   ap_fifo  |                 res_stream_V_data_6_V                 |    pointer   |
|res_stream_V_data_7_V_din        | out |   16|   ap_fifo  |                 res_stream_V_data_7_V                 |    pointer   |
|res_stream_V_data_7_V_full_n     |  in |    1|   ap_fifo  |                 res_stream_V_data_7_V                 |    pointer   |
|res_stream_V_data_7_V_write      | out |    1|   ap_fifo  |                 res_stream_V_data_7_V                 |    pointer   |
|res_stream_V_data_8_V_din        | out |   16|   ap_fifo  |                 res_stream_V_data_8_V                 |    pointer   |
|res_stream_V_data_8_V_full_n     |  in |    1|   ap_fifo  |                 res_stream_V_data_8_V                 |    pointer   |
|res_stream_V_data_8_V_write      | out |    1|   ap_fifo  |                 res_stream_V_data_8_V                 |    pointer   |
|res_stream_V_data_9_V_din        | out |   16|   ap_fifo  |                 res_stream_V_data_9_V                 |    pointer   |
|res_stream_V_data_9_V_full_n     |  in |    1|   ap_fifo  |                 res_stream_V_data_9_V                 |    pointer   |
|res_stream_V_data_9_V_write      | out |    1|   ap_fifo  |                 res_stream_V_data_9_V                 |    pointer   |
|res_stream_V_data_10_V_din       | out |   16|   ap_fifo  |                 res_stream_V_data_10_V                |    pointer   |
|res_stream_V_data_10_V_full_n    |  in |    1|   ap_fifo  |                 res_stream_V_data_10_V                |    pointer   |
|res_stream_V_data_10_V_write     | out |    1|   ap_fifo  |                 res_stream_V_data_10_V                |    pointer   |
|res_stream_V_data_11_V_din       | out |   16|   ap_fifo  |                 res_stream_V_data_11_V                |    pointer   |
|res_stream_V_data_11_V_full_n    |  in |    1|   ap_fifo  |                 res_stream_V_data_11_V                |    pointer   |
|res_stream_V_data_11_V_write     | out |    1|   ap_fifo  |                 res_stream_V_data_11_V                |    pointer   |
|res_stream_V_data_12_V_din       | out |   16|   ap_fifo  |                 res_stream_V_data_12_V                |    pointer   |
|res_stream_V_data_12_V_full_n    |  in |    1|   ap_fifo  |                 res_stream_V_data_12_V                |    pointer   |
|res_stream_V_data_12_V_write     | out |    1|   ap_fifo  |                 res_stream_V_data_12_V                |    pointer   |
|res_stream_V_data_13_V_din       | out |   16|   ap_fifo  |                 res_stream_V_data_13_V                |    pointer   |
|res_stream_V_data_13_V_full_n    |  in |    1|   ap_fifo  |                 res_stream_V_data_13_V                |    pointer   |
|res_stream_V_data_13_V_write     | out |    1|   ap_fifo  |                 res_stream_V_data_13_V                |    pointer   |
|res_stream_V_data_14_V_din       | out |   16|   ap_fifo  |                 res_stream_V_data_14_V                |    pointer   |
|res_stream_V_data_14_V_full_n    |  in |    1|   ap_fifo  |                 res_stream_V_data_14_V                |    pointer   |
|res_stream_V_data_14_V_write     | out |    1|   ap_fifo  |                 res_stream_V_data_14_V                |    pointer   |
|res_stream_V_data_15_V_din       | out |   16|   ap_fifo  |                 res_stream_V_data_15_V                |    pointer   |
|res_stream_V_data_15_V_full_n    |  in |    1|   ap_fifo  |                 res_stream_V_data_15_V                |    pointer   |
|res_stream_V_data_15_V_write     | out |    1|   ap_fifo  |                 res_stream_V_data_15_V                |    pointer   |
+---------------------------------+-----+-----+------------+-------------------------------------------------------+--------------+

