

================================================================
== Vivado HLS Report for 'normalize_array_array_ap_fixed_64u_config6_s'
================================================================
* Date:           Tue Jun 29 10:39:41 2021

* Version:        2020.1 (Build 2897737 on Wed May 27 20:21:37 MDT 2020)
* Project:        myproject_prj
* Solution:       solution1
* Product family: virtexuplus
* Target device:  xcu250-figd2104-2L-e


================================================================
== Performance Estimates
================================================================
+ Timing: 
    * Summary: 
    +--------+---------+----------+------------+
    |  Clock |  Target | Estimated| Uncertainty|
    +--------+---------+----------+------------+
    |ap_clk  | 5.00 ns | 4.242 ns |   0.62 ns  |
    +--------+---------+----------+------------+

+ Latency: 
    * Summary: 
    +---------+---------+----------+----------+-----+-----+----------+
    |  Latency (cycles) |  Latency (absolute) |  Interval | Pipeline |
    |   min   |   max   |    min   |    max   | min | max |   Type   |
    +---------+---------+----------+----------+-----+-----+----------+
    |       62|       62| 0.310 us | 0.310 us |   63|   63| function |
    +---------+---------+----------+----------+-----+-----+----------+

    + Detail: 
        * Instance: 
        N/A

        * Loop: 
        N/A



================================================================
== Utilization Estimates
================================================================
* Summary: 
+---------------------+---------+-------+---------+---------+------+
|         Name        | BRAM_18K| DSP48E|    FF   |   LUT   | URAM |
+---------------------+---------+-------+---------+---------+------+
|DSP                  |        -|      -|        -|        -|     -|
|Expression           |        -|      1|        0|     2128|     -|
|FIFO                 |        -|      -|        -|        -|     -|
|Instance             |        -|      -|        -|        -|     -|
|Memory               |        -|      -|        -|        -|     -|
|Multiplexer          |        -|      -|        -|     1985|     -|
|Register             |        -|      -|     2065|        -|     -|
+---------------------+---------+-------+---------+---------+------+
|Total                |        0|      1|     2065|     4113|     0|
+---------------------+---------+-------+---------+---------+------+
|Available SLR        |     1344|   3072|   864000|   432000|   320|
+---------------------+---------+-------+---------+---------+------+
|Utilization SLR (%)  |        0|   ~0  |    ~0   |    ~0   |     0|
+---------------------+---------+-------+---------+---------+------+
|Available            |     5376|  12288|  3456000|  1728000|  1280|
+---------------------+---------+-------+---------+---------+------+
|Utilization (%)      |        0|   ~0  |    ~0   |    ~0   |     0|
+---------------------+---------+-------+---------+---------+------+

+ Detail: 
    * Instance: 
    N/A

    * DSP48E: 
    N/A

    * Memory: 
    N/A

    * FIFO: 
    N/A

    * Expression: 
    +---------------------------+----------+-------+---+----+------------+------------+
    |       Variable Name       | Operation| DSP48E| FF| LUT| Bitwidth P0| Bitwidth P1|
    +---------------------------+----------+-------+---+----+------------+------------+
    |grp_fu_886_p2              |     *    |      1|  0|   5|          16|          13|
    |add_ln1192_10_fu_1648_p2   |     +    |      0|  0|  33|          26|          25|
    |add_ln1192_11_fu_1668_p2   |     +    |      0|  0|  33|          26|          25|
    |add_ln1192_12_fu_1688_p2   |     +    |      0|  0|  33|          26|          21|
    |add_ln1192_13_fu_1708_p2   |     +    |      0|  0|  33|          26|          23|
    |add_ln1192_14_fu_1728_p2   |     +    |      0|  0|  33|          26|          25|
    |add_ln1192_15_fu_1748_p2   |     +    |      0|  0|  33|          26|          23|
    |add_ln1192_16_fu_1768_p2   |     +    |      0|  0|  33|          26|          24|
    |add_ln1192_17_fu_1788_p2   |     +    |      0|  0|  33|          26|          25|
    |add_ln1192_18_fu_1808_p2   |     +    |      0|  0|  33|          26|          24|
    |add_ln1192_19_fu_1828_p2   |     +    |      0|  0|  33|          26|          24|
    |add_ln1192_1_fu_1488_p2    |     +    |      0|  0|  33|          26|          21|
    |add_ln1192_20_fu_1848_p2   |     +    |      0|  0|  33|          26|          22|
    |add_ln1192_21_fu_1868_p2   |     +    |      0|  0|  33|          26|          24|
    |add_ln1192_22_fu_1888_p2   |     +    |      0|  0|  33|          26|          26|
    |add_ln1192_23_fu_1908_p2   |     +    |      0|  0|  33|          26|          24|
    |add_ln1192_24_fu_1928_p2   |     +    |      0|  0|  33|          26|          24|
    |add_ln1192_25_fu_1948_p2   |     +    |      0|  0|  33|          26|          20|
    |add_ln1192_26_fu_1968_p2   |     +    |      0|  0|  33|          26|          24|
    |add_ln1192_27_fu_1988_p2   |     +    |      0|  0|  33|          26|          24|
    |add_ln1192_28_fu_2008_p2   |     +    |      0|  0|  33|          26|          23|
    |add_ln1192_29_fu_2028_p2   |     +    |      0|  0|  33|          26|          23|
    |add_ln1192_2_fu_2728_p2    |     +    |      0|  0|  19|          26|          26|
    |add_ln1192_30_fu_2048_p2   |     +    |      0|  0|  33|          26|          24|
    |add_ln1192_31_fu_2068_p2   |     +    |      0|  0|  33|          26|          24|
    |add_ln1192_32_fu_2088_p2   |     +    |      0|  0|  33|          26|          22|
    |add_ln1192_33_fu_2108_p2   |     +    |      0|  0|  33|          26|          25|
    |add_ln1192_34_fu_2128_p2   |     +    |      0|  0|  33|          26|          26|
    |add_ln1192_35_fu_2148_p2   |     +    |      0|  0|  33|          26|          25|
    |add_ln1192_36_fu_2168_p2   |     +    |      0|  0|  33|          26|          24|
    |add_ln1192_37_fu_2188_p2   |     +    |      0|  0|  33|          26|          25|
    |add_ln1192_38_fu_2208_p2   |     +    |      0|  0|  33|          26|          25|
    |add_ln1192_39_fu_2228_p2   |     +    |      0|  0|  33|          26|          23|
    |add_ln1192_3_fu_1508_p2    |     +    |      0|  0|  33|          26|          24|
    |add_ln1192_40_fu_2248_p2   |     +    |      0|  0|  33|          26|          26|
    |add_ln1192_41_fu_2268_p2   |     +    |      0|  0|  33|          26|          25|
    |add_ln1192_42_fu_2288_p2   |     +    |      0|  0|  33|          26|          25|
    |add_ln1192_43_fu_2308_p2   |     +    |      0|  0|  33|          26|          24|
    |add_ln1192_44_fu_2328_p2   |     +    |      0|  0|  33|          26|          26|
    |add_ln1192_45_fu_2348_p2   |     +    |      0|  0|  33|          26|          25|
    |add_ln1192_46_fu_2368_p2   |     +    |      0|  0|  33|          26|          23|
    |add_ln1192_47_fu_2388_p2   |     +    |      0|  0|  33|          26|          26|
    |add_ln1192_48_fu_2408_p2   |     +    |      0|  0|  33|          26|          21|
    |add_ln1192_49_fu_2428_p2   |     +    |      0|  0|  33|          26|          24|
    |add_ln1192_4_fu_1528_p2    |     +    |      0|  0|  33|          26|          24|
    |add_ln1192_50_fu_2448_p2   |     +    |      0|  0|  33|          26|          25|
    |add_ln1192_51_fu_2468_p2   |     +    |      0|  0|  33|          26|          24|
    |add_ln1192_52_fu_2488_p2   |     +    |      0|  0|  33|          26|          24|
    |add_ln1192_53_fu_2508_p2   |     +    |      0|  0|  33|          26|          21|
    |add_ln1192_54_fu_2528_p2   |     +    |      0|  0|  33|          26|          24|
    |add_ln1192_55_fu_2548_p2   |     +    |      0|  0|  33|          26|          23|
    |add_ln1192_56_fu_2568_p2   |     +    |      0|  0|  33|          26|          26|
    |add_ln1192_57_fu_2588_p2   |     +    |      0|  0|  33|          26|          23|
    |add_ln1192_58_fu_2608_p2   |     +    |      0|  0|  33|          26|          25|
    |add_ln1192_59_fu_2628_p2   |     +    |      0|  0|  33|          26|          25|
    |add_ln1192_5_fu_1548_p2    |     +    |      0|  0|  33|          26|          23|
    |add_ln1192_60_fu_2648_p2   |     +    |      0|  0|  33|          26|          24|
    |add_ln1192_61_fu_2668_p2   |     +    |      0|  0|  33|          26|          24|
    |add_ln1192_62_fu_2688_p2   |     +    |      0|  0|  33|          26|          25|
    |add_ln1192_63_fu_2749_p2   |     +    |      0|  0|  33|          26|          24|
    |add_ln1192_6_fu_1568_p2    |     +    |      0|  0|  33|          26|          26|
    |add_ln1192_7_fu_1588_p2    |     +    |      0|  0|  33|          26|          26|
    |add_ln1192_8_fu_1608_p2    |     +    |      0|  0|  33|          26|          23|
    |add_ln1192_9_fu_1628_p2    |     +    |      0|  0|  33|          26|          25|
    |add_ln1192_fu_1468_p2      |     +    |      0|  0|  33|          26|          20|
    |sub_ln1192_fu_2722_p2      |     -    |      0|  0|  19|          26|          26|
    |io_acc_block_signal_op519  |    and   |      0|  0|   2|           1|           1|
    |io_acc_block_signal_op64   |    and   |      0|  0|   2|           1|           1|
    |ap_block_state1            |    or    |      0|  0|   2|           1|           1|
    +---------------------------+----------+-------+---+----+------------+------------+
    |Total                      |          |      1|  0|2128|        1709|        1578|
    +---------------------------+----------+-------+---+----+------------+------------+

    * Multiplexer: 
    +------------------------+-----+-----------+-----+-----------+
    |          Name          | LUT | Input Size| Bits| Total Bits|
    +------------------------+-----+-----------+-----+-----------+
    |ap_NS_fsm               |  273|         64|    1|         64|
    |ap_done                 |    9|          2|    1|          2|
    |data_V_data_0_V_blk_n   |    9|          2|    1|          2|
    |data_V_data_10_V_blk_n  |    9|          2|    1|          2|
    |data_V_data_11_V_blk_n  |    9|          2|    1|          2|
    |data_V_data_12_V_blk_n  |    9|          2|    1|          2|
    |data_V_data_13_V_blk_n  |    9|          2|    1|          2|
    |data_V_data_14_V_blk_n  |    9|          2|    1|          2|
    |data_V_data_15_V_blk_n  |    9|          2|    1|          2|
    |data_V_data_16_V_blk_n  |    9|          2|    1|          2|
    |data_V_data_17_V_blk_n  |    9|          2|    1|          2|
    |data_V_data_18_V_blk_n  |    9|          2|    1|          2|
    |data_V_data_19_V_blk_n  |    9|          2|    1|          2|
    |data_V_data_1_V_blk_n   |    9|          2|    1|          2|
    |data_V_data_20_V_blk_n  |    9|          2|    1|          2|
    |data_V_data_21_V_blk_n  |    9|          2|    1|          2|
    |data_V_data_22_V_blk_n  |    9|          2|    1|          2|
    |data_V_data_23_V_blk_n  |    9|          2|    1|          2|
    |data_V_data_24_V_blk_n  |    9|          2|    1|          2|
    |data_V_data_25_V_blk_n  |    9|          2|    1|          2|
    |data_V_data_26_V_blk_n  |    9|          2|    1|          2|
    |data_V_data_27_V_blk_n  |    9|          2|    1|          2|
    |data_V_data_28_V_blk_n  |    9|          2|    1|          2|
    |data_V_data_29_V_blk_n  |    9|          2|    1|          2|
    |data_V_data_2_V_blk_n   |    9|          2|    1|          2|
    |data_V_data_30_V_blk_n  |    9|          2|    1|          2|
    |data_V_data_31_V_blk_n  |    9|          2|    1|          2|
    |data_V_data_32_V_blk_n  |    9|          2|    1|          2|
    |data_V_data_33_V_blk_n  |    9|          2|    1|          2|
    |data_V_data_34_V_blk_n  |    9|          2|    1|          2|
    |data_V_data_35_V_blk_n  |    9|          2|    1|          2|
    |data_V_data_36_V_blk_n  |    9|          2|    1|          2|
    |data_V_data_37_V_blk_n  |    9|          2|    1|          2|
    |data_V_data_38_V_blk_n  |    9|          2|    1|          2|
    |data_V_data_39_V_blk_n  |    9|          2|    1|          2|
    |data_V_data_3_V_blk_n   |    9|          2|    1|          2|
    |data_V_data_40_V_blk_n  |    9|          2|    1|          2|
    |data_V_data_41_V_blk_n  |    9|          2|    1|          2|
    |data_V_data_42_V_blk_n  |    9|          2|    1|          2|
    |data_V_data_43_V_blk_n  |    9|          2|    1|          2|
    |data_V_data_44_V_blk_n  |    9|          2|    1|          2|
    |data_V_data_45_V_blk_n  |    9|          2|    1|          2|
    |data_V_data_46_V_blk_n  |    9|          2|    1|          2|
    |data_V_data_47_V_blk_n  |    9|          2|    1|          2|
    |data_V_data_48_V_blk_n  |    9|          2|    1|          2|
    |data_V_data_49_V_blk_n  |    9|          2|    1|          2|
    |data_V_data_4_V_blk_n   |    9|          2|    1|          2|
    |data_V_data_50_V_blk_n  |    9|          2|    1|          2|
    |data_V_data_51_V_blk_n  |    9|          2|    1|          2|
    |data_V_data_52_V_blk_n  |    9|          2|    1|          2|
    |data_V_data_53_V_blk_n  |    9|          2|    1|          2|
    |data_V_data_54_V_blk_n  |    9|          2|    1|          2|
    |data_V_data_55_V_blk_n  |    9|          2|    1|          2|
    |data_V_data_56_V_blk_n  |    9|          2|    1|          2|
    |data_V_data_57_V_blk_n  |    9|          2|    1|          2|
    |data_V_data_58_V_blk_n  |    9|          2|    1|          2|
    |data_V_data_59_V_blk_n  |    9|          2|    1|          2|
    |data_V_data_5_V_blk_n   |    9|          2|    1|          2|
    |data_V_data_60_V_blk_n  |    9|          2|    1|          2|
    |data_V_data_61_V_blk_n  |    9|          2|    1|          2|
    |data_V_data_62_V_blk_n  |    9|          2|    1|          2|
    |data_V_data_63_V_blk_n  |    9|          2|    1|          2|
    |data_V_data_6_V_blk_n   |    9|          2|    1|          2|
    |data_V_data_7_V_blk_n   |    9|          2|    1|          2|
    |data_V_data_8_V_blk_n   |    9|          2|    1|          2|
    |data_V_data_9_V_blk_n   |    9|          2|    1|          2|
    |grp_fu_886_p0           |  273|         64|   16|       1024|
    |grp_fu_886_p1           |  269|         63|   13|        819|
    |real_start              |    9|          2|    1|          2|
    |res_V_data_0_V_blk_n    |    9|          2|    1|          2|
    |res_V_data_10_V_blk_n   |    9|          2|    1|          2|
    |res_V_data_11_V_blk_n   |    9|          2|    1|          2|
    |res_V_data_12_V_blk_n   |    9|          2|    1|          2|
    |res_V_data_13_V_blk_n   |    9|          2|    1|          2|
    |res_V_data_14_V_blk_n   |    9|          2|    1|          2|
    |res_V_data_15_V_blk_n   |    9|          2|    1|          2|
    |res_V_data_16_V_blk_n   |    9|          2|    1|          2|
    |res_V_data_17_V_blk_n   |    9|          2|    1|          2|
    |res_V_data_18_V_blk_n   |    9|          2|    1|          2|
    |res_V_data_19_V_blk_n   |    9|          2|    1|          2|
    |res_V_data_1_V_blk_n    |    9|          2|    1|          2|
    |res_V_data_20_V_blk_n   |    9|          2|    1|          2|
    |res_V_data_21_V_blk_n   |    9|          2|    1|          2|
    |res_V_data_22_V_blk_n   |    9|          2|    1|          2|
    |res_V_data_23_V_blk_n   |    9|          2|    1|          2|
    |res_V_data_24_V_blk_n   |    9|          2|    1|          2|
    |res_V_data_25_V_blk_n   |    9|          2|    1|          2|
    |res_V_data_26_V_blk_n   |    9|          2|    1|          2|
    |res_V_data_27_V_blk_n   |    9|          2|    1|          2|
    |res_V_data_28_V_blk_n   |    9|          2|    1|          2|
    |res_V_data_29_V_blk_n   |    9|          2|    1|          2|
    |res_V_data_2_V_blk_n    |    9|          2|    1|          2|
    |res_V_data_30_V_blk_n   |    9|          2|    1|          2|
    |res_V_data_31_V_blk_n   |    9|          2|    1|          2|
    |res_V_data_32_V_blk_n   |    9|          2|    1|          2|
    |res_V_data_33_V_blk_n   |    9|          2|    1|          2|
    |res_V_data_34_V_blk_n   |    9|          2|    1|          2|
    |res_V_data_35_V_blk_n   |    9|          2|    1|          2|
    |res_V_data_36_V_blk_n   |    9|          2|    1|          2|
    |res_V_data_37_V_blk_n   |    9|          2|    1|          2|
    |res_V_data_38_V_blk_n   |    9|          2|    1|          2|
    |res_V_data_39_V_blk_n   |    9|          2|    1|          2|
    |res_V_data_3_V_blk_n    |    9|          2|    1|          2|
    |res_V_data_40_V_blk_n   |    9|          2|    1|          2|
    |res_V_data_41_V_blk_n   |    9|          2|    1|          2|
    |res_V_data_42_V_blk_n   |    9|          2|    1|          2|
    |res_V_data_43_V_blk_n   |    9|          2|    1|          2|
    |res_V_data_44_V_blk_n   |    9|          2|    1|          2|
    |res_V_data_45_V_blk_n   |    9|          2|    1|          2|
    |res_V_data_46_V_blk_n   |    9|          2|    1|          2|
    |res_V_data_47_V_blk_n   |    9|          2|    1|          2|
    |res_V_data_48_V_blk_n   |    9|          2|    1|          2|
    |res_V_data_49_V_blk_n   |    9|          2|    1|          2|
    |res_V_data_4_V_blk_n    |    9|          2|    1|          2|
    |res_V_data_50_V_blk_n   |    9|          2|    1|          2|
    |res_V_data_51_V_blk_n   |    9|          2|    1|          2|
    |res_V_data_52_V_blk_n   |    9|          2|    1|          2|
    |res_V_data_53_V_blk_n   |    9|          2|    1|          2|
    |res_V_data_54_V_blk_n   |    9|          2|    1|          2|
    |res_V_data_55_V_blk_n   |    9|          2|    1|          2|
    |res_V_data_56_V_blk_n   |    9|          2|    1|          2|
    |res_V_data_57_V_blk_n   |    9|          2|    1|          2|
    |res_V_data_58_V_blk_n   |    9|          2|    1|          2|
    |res_V_data_59_V_blk_n   |    9|          2|    1|          2|
    |res_V_data_5_V_blk_n    |    9|          2|    1|          2|
    |res_V_data_60_V_blk_n   |    9|          2|    1|          2|
    |res_V_data_61_V_blk_n   |    9|          2|    1|          2|
    |res_V_data_62_V_blk_n   |    9|          2|    1|          2|
    |res_V_data_63_V_blk_n   |    9|          2|    1|          2|
    |res_V_data_6_V_blk_n    |    9|          2|    1|          2|
    |res_V_data_7_V_blk_n    |    9|          2|    1|          2|
    |res_V_data_8_V_blk_n    |    9|          2|    1|          2|
    |res_V_data_9_V_blk_n    |    9|          2|    1|          2|
    +------------------------+-----+-----------+-----+-----------+
    |Total                   | 1985|        451|  160|       2167|
    +------------------------+-----+-----------+-----+-----------+

    * Register: 
    +-------------------------+----+----+-----+-----------+
    |           Name          | FF | LUT| Bits| Const Bits|
    +-------------------------+----+----+-----+-----------+
    |ap_CS_fsm                |  63|   0|   63|          0|
    |ap_done_reg              |   1|   0|    1|          0|
    |start_once_reg           |   1|   0|    1|          0|
    |tmp_data_0_V_reg_3082    |  16|   0|   16|          0|
    |tmp_data_10_V_reg_3127   |  16|   0|   16|          0|
    |tmp_data_11_V_reg_3132   |  16|   0|   16|          0|
    |tmp_data_12_V_reg_3137   |  16|   0|   16|          0|
    |tmp_data_13_V_reg_3142   |  16|   0|   16|          0|
    |tmp_data_14_V_reg_3147   |  16|   0|   16|          0|
    |tmp_data_15_V_reg_3152   |  16|   0|   16|          0|
    |tmp_data_16_V_reg_3157   |  16|   0|   16|          0|
    |tmp_data_17_V_reg_3162   |  16|   0|   16|          0|
    |tmp_data_18_V_reg_3167   |  16|   0|   16|          0|
    |tmp_data_19_V_reg_3172   |  16|   0|   16|          0|
    |tmp_data_1_V_reg_3087    |  16|   0|   16|          0|
    |tmp_data_20_V_reg_3177   |  16|   0|   16|          0|
    |tmp_data_21_V_reg_3182   |  16|   0|   16|          0|
    |tmp_data_22_V_reg_3187   |  16|   0|   16|          0|
    |tmp_data_23_V_reg_3192   |  16|   0|   16|          0|
    |tmp_data_24_V_reg_3197   |  16|   0|   16|          0|
    |tmp_data_25_V_reg_3202   |  16|   0|   16|          0|
    |tmp_data_26_V_reg_3207   |  16|   0|   16|          0|
    |tmp_data_27_V_reg_3212   |  16|   0|   16|          0|
    |tmp_data_28_V_reg_3217   |  16|   0|   16|          0|
    |tmp_data_29_V_reg_3222   |  16|   0|   16|          0|
    |tmp_data_30_V_reg_3227   |  16|   0|   16|          0|
    |tmp_data_31_V_reg_3232   |  16|   0|   16|          0|
    |tmp_data_32_V_reg_3237   |  16|   0|   16|          0|
    |tmp_data_33_V_reg_3242   |  16|   0|   16|          0|
    |tmp_data_34_V_reg_3247   |  16|   0|   16|          0|
    |tmp_data_35_V_reg_3252   |  16|   0|   16|          0|
    |tmp_data_36_V_reg_3257   |  16|   0|   16|          0|
    |tmp_data_37_V_reg_3262   |  16|   0|   16|          0|
    |tmp_data_38_V_reg_3267   |  16|   0|   16|          0|
    |tmp_data_39_V_reg_3272   |  16|   0|   16|          0|
    |tmp_data_3_V_reg_3092    |  16|   0|   16|          0|
    |tmp_data_40_V_reg_3277   |  16|   0|   16|          0|
    |tmp_data_41_V_reg_3282   |  16|   0|   16|          0|
    |tmp_data_42_V_reg_3287   |  16|   0|   16|          0|
    |tmp_data_43_V_reg_3292   |  16|   0|   16|          0|
    |tmp_data_44_V_reg_3297   |  16|   0|   16|          0|
    |tmp_data_45_V_reg_3302   |  16|   0|   16|          0|
    |tmp_data_46_V_reg_3307   |  16|   0|   16|          0|
    |tmp_data_47_V_reg_3312   |  16|   0|   16|          0|
    |tmp_data_48_V_reg_3317   |  16|   0|   16|          0|
    |tmp_data_49_V_reg_3322   |  16|   0|   16|          0|
    |tmp_data_4_V_reg_3097    |  16|   0|   16|          0|
    |tmp_data_50_V_reg_3327   |  16|   0|   16|          0|
    |tmp_data_51_V_reg_3332   |  16|   0|   16|          0|
    |tmp_data_52_V_reg_3337   |  16|   0|   16|          0|
    |tmp_data_53_V_reg_3342   |  16|   0|   16|          0|
    |tmp_data_54_V_reg_3347   |  16|   0|   16|          0|
    |tmp_data_55_V_reg_3352   |  16|   0|   16|          0|
    |tmp_data_56_V_reg_3357   |  16|   0|   16|          0|
    |tmp_data_57_V_reg_3362   |  16|   0|   16|          0|
    |tmp_data_58_V_reg_3367   |  16|   0|   16|          0|
    |tmp_data_59_V_reg_3372   |  16|   0|   16|          0|
    |tmp_data_5_V_reg_3102    |  16|   0|   16|          0|
    |tmp_data_60_V_reg_3377   |  16|   0|   16|          0|
    |tmp_data_61_V_reg_3382   |  16|   0|   16|          0|
    |tmp_data_62_V_reg_3387   |  16|   0|   16|          0|
    |tmp_data_6_V_reg_3107    |  16|   0|   16|          0|
    |tmp_data_7_V_reg_3112    |  16|   0|   16|          0|
    |tmp_data_8_V_reg_3117    |  16|   0|   16|          0|
    |tmp_data_9_V_reg_3122    |  16|   0|   16|          0|
    |tmp_data_V_10_reg_2812   |  16|   0|   16|          0|
    |tmp_data_V_11_reg_2817   |  16|   0|   16|          0|
    |tmp_data_V_12_reg_2822   |  16|   0|   16|          0|
    |tmp_data_V_13_reg_2827   |  16|   0|   16|          0|
    |tmp_data_V_14_reg_2832   |  16|   0|   16|          0|
    |tmp_data_V_15_reg_2837   |  16|   0|   16|          0|
    |tmp_data_V_16_reg_2842   |  16|   0|   16|          0|
    |tmp_data_V_17_reg_2847   |  16|   0|   16|          0|
    |tmp_data_V_18_reg_2852   |  16|   0|   16|          0|
    |tmp_data_V_19_reg_2857   |  16|   0|   16|          0|
    |tmp_data_V_1_reg_2766    |  16|   0|   16|          0|
    |tmp_data_V_20_reg_2862   |  16|   0|   16|          0|
    |tmp_data_V_21_reg_2867   |  16|   0|   16|          0|
    |tmp_data_V_22_reg_2872   |  16|   0|   16|          0|
    |tmp_data_V_23_reg_2877   |  16|   0|   16|          0|
    |tmp_data_V_24_reg_2882   |  16|   0|   16|          0|
    |tmp_data_V_25_reg_2887   |  16|   0|   16|          0|
    |tmp_data_V_26_reg_2892   |  16|   0|   16|          0|
    |tmp_data_V_27_reg_2897   |  16|   0|   16|          0|
    |tmp_data_V_28_reg_2902   |  16|   0|   16|          0|
    |tmp_data_V_29_reg_2907   |  16|   0|   16|          0|
    |tmp_data_V_2_reg_2771    |  16|   0|   16|          0|
    |tmp_data_V_30_reg_2912   |  16|   0|   16|          0|
    |tmp_data_V_31_reg_2917   |  16|   0|   16|          0|
    |tmp_data_V_32_reg_2922   |  16|   0|   16|          0|
    |tmp_data_V_33_reg_2927   |  16|   0|   16|          0|
    |tmp_data_V_34_reg_2932   |  16|   0|   16|          0|
    |tmp_data_V_35_reg_2937   |  16|   0|   16|          0|
    |tmp_data_V_36_reg_2942   |  16|   0|   16|          0|
    |tmp_data_V_37_reg_2947   |  16|   0|   16|          0|
    |tmp_data_V_38_reg_2952   |  16|   0|   16|          0|
    |tmp_data_V_39_reg_2957   |  16|   0|   16|          0|
    |tmp_data_V_3_reg_2777    |  16|   0|   16|          0|
    |tmp_data_V_40_reg_2962   |  16|   0|   16|          0|
    |tmp_data_V_41_reg_2967   |  16|   0|   16|          0|
    |tmp_data_V_42_reg_2972   |  16|   0|   16|          0|
    |tmp_data_V_43_reg_2977   |  16|   0|   16|          0|
    |tmp_data_V_44_reg_2982   |  16|   0|   16|          0|
    |tmp_data_V_45_reg_2987   |  16|   0|   16|          0|
    |tmp_data_V_46_reg_2992   |  16|   0|   16|          0|
    |tmp_data_V_47_reg_2997   |  16|   0|   16|          0|
    |tmp_data_V_48_reg_3002   |  16|   0|   16|          0|
    |tmp_data_V_49_reg_3007   |  16|   0|   16|          0|
    |tmp_data_V_4_reg_2782    |  16|   0|   16|          0|
    |tmp_data_V_50_reg_3012   |  16|   0|   16|          0|
    |tmp_data_V_51_reg_3017   |  16|   0|   16|          0|
    |tmp_data_V_52_reg_3022   |  16|   0|   16|          0|
    |tmp_data_V_53_reg_3027   |  16|   0|   16|          0|
    |tmp_data_V_54_reg_3032   |  16|   0|   16|          0|
    |tmp_data_V_55_reg_3037   |  16|   0|   16|          0|
    |tmp_data_V_56_reg_3042   |  16|   0|   16|          0|
    |tmp_data_V_571_reg_2787  |  16|   0|   16|          0|
    |tmp_data_V_57_reg_3047   |  16|   0|   16|          0|
    |tmp_data_V_58_reg_3052   |  16|   0|   16|          0|
    |tmp_data_V_59_reg_3057   |  16|   0|   16|          0|
    |tmp_data_V_60_reg_3062   |  16|   0|   16|          0|
    |tmp_data_V_61_reg_3067   |  16|   0|   16|          0|
    |tmp_data_V_62_reg_3072   |  16|   0|   16|          0|
    |tmp_data_V_63_reg_3077   |  16|   0|   16|          0|
    |tmp_data_V_6_reg_2792    |  16|   0|   16|          0|
    |tmp_data_V_7_reg_2797    |  16|   0|   16|          0|
    |tmp_data_V_8_reg_2802    |  16|   0|   16|          0|
    |tmp_data_V_9_reg_2807    |  16|   0|   16|          0|
    +-------------------------+----+----+-----+-----------+
    |Total                    |2065|   0| 2065|          0|
    +-------------------------+----+----+-----+-----------+



================================================================
== Interface
================================================================
* Summary: 
+--------------------------+-----+-----+------------+----------------------------------------------+--------------+
|         RTL Ports        | Dir | Bits|  Protocol  |                 Source Object                |    C Type    |
+--------------------------+-----+-----+------------+----------------------------------------------+--------------+
|ap_clk                    |  in |    1| ap_ctrl_hs | normalize<array,array<ap_fixed,64u>,config6> | return value |
|ap_rst                    |  in |    1| ap_ctrl_hs | normalize<array,array<ap_fixed,64u>,config6> | return value |
|ap_start                  |  in |    1| ap_ctrl_hs | normalize<array,array<ap_fixed,64u>,config6> | return value |
|start_full_n              |  in |    1| ap_ctrl_hs | normalize<array,array<ap_fixed,64u>,config6> | return value |
|ap_done                   | out |    1| ap_ctrl_hs | normalize<array,array<ap_fixed,64u>,config6> | return value |
|ap_continue               |  in |    1| ap_ctrl_hs | normalize<array,array<ap_fixed,64u>,config6> | return value |
|ap_idle                   | out |    1| ap_ctrl_hs | normalize<array,array<ap_fixed,64u>,config6> | return value |
|ap_ready                  | out |    1| ap_ctrl_hs | normalize<array,array<ap_fixed,64u>,config6> | return value |
|start_out                 | out |    1| ap_ctrl_hs | normalize<array,array<ap_fixed,64u>,config6> | return value |
|start_write               | out |    1| ap_ctrl_hs | normalize<array,array<ap_fixed,64u>,config6> | return value |
|data_V_data_0_V_dout      |  in |   16|   ap_fifo  |                data_V_data_0_V               |    pointer   |
|data_V_data_0_V_empty_n   |  in |    1|   ap_fifo  |                data_V_data_0_V               |    pointer   |
|data_V_data_0_V_read      | out |    1|   ap_fifo  |                data_V_data_0_V               |    pointer   |
|data_V_data_1_V_dout      |  in |   16|   ap_fifo  |                data_V_data_1_V               |    pointer   |
|data_V_data_1_V_empty_n   |  in |    1|   ap_fifo  |                data_V_data_1_V               |    pointer   |
|data_V_data_1_V_read      | out |    1|   ap_fifo  |                data_V_data_1_V               |    pointer   |
|data_V_data_2_V_dout      |  in |   16|   ap_fifo  |                data_V_data_2_V               |    pointer   |
|data_V_data_2_V_empty_n   |  in |    1|   ap_fifo  |                data_V_data_2_V               |    pointer   |
|data_V_data_2_V_read      | out |    1|   ap_fifo  |                data_V_data_2_V               |    pointer   |
|data_V_data_3_V_dout      |  in |   16|   ap_fifo  |                data_V_data_3_V               |    pointer   |
|data_V_data_3_V_empty_n   |  in |    1|   ap_fifo  |                data_V_data_3_V               |    pointer   |
|data_V_data_3_V_read      | out |    1|   ap_fifo  |                data_V_data_3_V               |    pointer   |
|data_V_data_4_V_dout      |  in |   16|   ap_fifo  |                data_V_data_4_V               |    pointer   |
|data_V_data_4_V_empty_n   |  in |    1|   ap_fifo  |                data_V_data_4_V               |    pointer   |
|data_V_data_4_V_read      | out |    1|   ap_fifo  |                data_V_data_4_V               |    pointer   |
|data_V_data_5_V_dout      |  in |   16|   ap_fifo  |                data_V_data_5_V               |    pointer   |
|data_V_data_5_V_empty_n   |  in |    1|   ap_fifo  |                data_V_data_5_V               |    pointer   |
|data_V_data_5_V_read      | out |    1|   ap_fifo  |                data_V_data_5_V               |    pointer   |
|data_V_data_6_V_dout      |  in |   16|   ap_fifo  |                data_V_data_6_V               |    pointer   |
|data_V_data_6_V_empty_n   |  in |    1|   ap_fifo  |                data_V_data_6_V               |    pointer   |
|data_V_data_6_V_read      | out |    1|   ap_fifo  |                data_V_data_6_V               |    pointer   |
|data_V_data_7_V_dout      |  in |   16|   ap_fifo  |                data_V_data_7_V               |    pointer   |
|data_V_data_7_V_empty_n   |  in |    1|   ap_fifo  |                data_V_data_7_V               |    pointer   |
|data_V_data_7_V_read      | out |    1|   ap_fifo  |                data_V_data_7_V               |    pointer   |
|data_V_data_8_V_dout      |  in |   16|   ap_fifo  |                data_V_data_8_V               |    pointer   |
|data_V_data_8_V_empty_n   |  in |    1|   ap_fifo  |                data_V_data_8_V               |    pointer   |
|data_V_data_8_V_read      | out |    1|   ap_fifo  |                data_V_data_8_V               |    pointer   |
|data_V_data_9_V_dout      |  in |   16|   ap_fifo  |                data_V_data_9_V               |    pointer   |
|data_V_data_9_V_empty_n   |  in |    1|   ap_fifo  |                data_V_data_9_V               |    pointer   |
|data_V_data_9_V_read      | out |    1|   ap_fifo  |                data_V_data_9_V               |    pointer   |
|data_V_data_10_V_dout     |  in |   16|   ap_fifo  |               data_V_data_10_V               |    pointer   |
|data_V_data_10_V_empty_n  |  in |    1|   ap_fifo  |               data_V_data_10_V               |    pointer   |
|data_V_data_10_V_read     | out |    1|   ap_fifo  |               data_V_data_10_V               |    pointer   |
|data_V_data_11_V_dout     |  in |   16|   ap_fifo  |               data_V_data_11_V               |    pointer   |
|data_V_data_11_V_empty_n  |  in |    1|   ap_fifo  |               data_V_data_11_V               |    pointer   |
|data_V_data_11_V_read     | out |    1|   ap_fifo  |               data_V_data_11_V               |    pointer   |
|data_V_data_12_V_dout     |  in |   16|   ap_fifo  |               data_V_data_12_V               |    pointer   |
|data_V_data_12_V_empty_n  |  in |    1|   ap_fifo  |               data_V_data_12_V               |    pointer   |
|data_V_data_12_V_read     | out |    1|   ap_fifo  |               data_V_data_12_V               |    pointer   |
|data_V_data_13_V_dout     |  in |   16|   ap_fifo  |               data_V_data_13_V               |    pointer   |
|data_V_data_13_V_empty_n  |  in |    1|   ap_fifo  |               data_V_data_13_V               |    pointer   |
|data_V_data_13_V_read     | out |    1|   ap_fifo  |               data_V_data_13_V               |    pointer   |
|data_V_data_14_V_dout     |  in |   16|   ap_fifo  |               data_V_data_14_V               |    pointer   |
|data_V_data_14_V_empty_n  |  in |    1|   ap_fifo  |               data_V_data_14_V               |    pointer   |
|data_V_data_14_V_read     | out |    1|   ap_fifo  |               data_V_data_14_V               |    pointer   |
|data_V_data_15_V_dout     |  in |   16|   ap_fifo  |               data_V_data_15_V               |    pointer   |
|data_V_data_15_V_empty_n  |  in |    1|   ap_fifo  |               data_V_data_15_V               |    pointer   |
|data_V_data_15_V_read     | out |    1|   ap_fifo  |               data_V_data_15_V               |    pointer   |
|data_V_data_16_V_dout     |  in |   16|   ap_fifo  |               data_V_data_16_V               |    pointer   |
|data_V_data_16_V_empty_n  |  in |    1|   ap_fifo  |               data_V_data_16_V               |    pointer   |
|data_V_data_16_V_read     | out |    1|   ap_fifo  |               data_V_data_16_V               |    pointer   |
|data_V_data_17_V_dout     |  in |   16|   ap_fifo  |               data_V_data_17_V               |    pointer   |
|data_V_data_17_V_empty_n  |  in |    1|   ap_fifo  |               data_V_data_17_V               |    pointer   |
|data_V_data_17_V_read     | out |    1|   ap_fifo  |               data_V_data_17_V               |    pointer   |
|data_V_data_18_V_dout     |  in |   16|   ap_fifo  |               data_V_data_18_V               |    pointer   |
|data_V_data_18_V_empty_n  |  in |    1|   ap_fifo  |               data_V_data_18_V               |    pointer   |
|data_V_data_18_V_read     | out |    1|   ap_fifo  |               data_V_data_18_V               |    pointer   |
|data_V_data_19_V_dout     |  in |   16|   ap_fifo  |               data_V_data_19_V               |    pointer   |
|data_V_data_19_V_empty_n  |  in |    1|   ap_fifo  |               data_V_data_19_V               |    pointer   |
|data_V_data_19_V_read     | out |    1|   ap_fifo  |               data_V_data_19_V               |    pointer   |
|data_V_data_20_V_dout     |  in |   16|   ap_fifo  |               data_V_data_20_V               |    pointer   |
|data_V_data_20_V_empty_n  |  in |    1|   ap_fifo  |               data_V_data_20_V               |    pointer   |
|data_V_data_20_V_read     | out |    1|   ap_fifo  |               data_V_data_20_V               |    pointer   |
|data_V_data_21_V_dout     |  in |   16|   ap_fifo  |               data_V_data_21_V               |    pointer   |
|data_V_data_21_V_empty_n  |  in |    1|   ap_fifo  |               data_V_data_21_V               |    pointer   |
|data_V_data_21_V_read     | out |    1|   ap_fifo  |               data_V_data_21_V               |    pointer   |
|data_V_data_22_V_dout     |  in |   16|   ap_fifo  |               data_V_data_22_V               |    pointer   |
|data_V_data_22_V_empty_n  |  in |    1|   ap_fifo  |               data_V_data_22_V               |    pointer   |
|data_V_data_22_V_read     | out |    1|   ap_fifo  |               data_V_data_22_V               |    pointer   |
|data_V_data_23_V_dout     |  in |   16|   ap_fifo  |               data_V_data_23_V               |    pointer   |
|data_V_data_23_V_empty_n  |  in |    1|   ap_fifo  |               data_V_data_23_V               |    pointer   |
|data_V_data_23_V_read     | out |    1|   ap_fifo  |               data_V_data_23_V               |    pointer   |
|data_V_data_24_V_dout     |  in |   16|   ap_fifo  |               data_V_data_24_V               |    pointer   |
|data_V_data_24_V_empty_n  |  in |    1|   ap_fifo  |               data_V_data_24_V               |    pointer   |
|data_V_data_24_V_read     | out |    1|   ap_fifo  |               data_V_data_24_V               |    pointer   |
|data_V_data_25_V_dout     |  in |   16|   ap_fifo  |               data_V_data_25_V               |    pointer   |
|data_V_data_25_V_empty_n  |  in |    1|   ap_fifo  |               data_V_data_25_V               |    pointer   |
|data_V_data_25_V_read     | out |    1|   ap_fifo  |               data_V_data_25_V               |    pointer   |
|data_V_data_26_V_dout     |  in |   16|   ap_fifo  |               data_V_data_26_V               |    pointer   |
|data_V_data_26_V_empty_n  |  in |    1|   ap_fifo  |               data_V_data_26_V               |    pointer   |
|data_V_data_26_V_read     | out |    1|   ap_fifo  |               data_V_data_26_V               |    pointer   |
|data_V_data_27_V_dout     |  in |   16|   ap_fifo  |               data_V_data_27_V               |    pointer   |
|data_V_data_27_V_empty_n  |  in |    1|   ap_fifo  |               data_V_data_27_V               |    pointer   |
|data_V_data_27_V_read     | out |    1|   ap_fifo  |               data_V_data_27_V               |    pointer   |
|data_V_data_28_V_dout     |  in |   16|   ap_fifo  |               data_V_data_28_V               |    pointer   |
|data_V_data_28_V_empty_n  |  in |    1|   ap_fifo  |               data_V_data_28_V               |    pointer   |
|data_V_data_28_V_read     | out |    1|   ap_fifo  |               data_V_data_28_V               |    pointer   |
|data_V_data_29_V_dout     |  in |   16|   ap_fifo  |               data_V_data_29_V               |    pointer   |
|data_V_data_29_V_empty_n  |  in |    1|   ap_fifo  |               data_V_data_29_V               |    pointer   |
|data_V_data_29_V_read     | out |    1|   ap_fifo  |               data_V_data_29_V               |    pointer   |
|data_V_data_30_V_dout     |  in |   16|   ap_fifo  |               data_V_data_30_V               |    pointer   |
|data_V_data_30_V_empty_n  |  in |    1|   ap_fifo  |               data_V_data_30_V               |    pointer   |
|data_V_data_30_V_read     | out |    1|   ap_fifo  |               data_V_data_30_V               |    pointer   |
|data_V_data_31_V_dout     |  in |   16|   ap_fifo  |               data_V_data_31_V               |    pointer   |
|data_V_data_31_V_empty_n  |  in |    1|   ap_fifo  |               data_V_data_31_V               |    pointer   |
|data_V_data_31_V_read     | out |    1|   ap_fifo  |               data_V_data_31_V               |    pointer   |
|data_V_data_32_V_dout     |  in |   16|   ap_fifo  |               data_V_data_32_V               |    pointer   |
|data_V_data_32_V_empty_n  |  in |    1|   ap_fifo  |               data_V_data_32_V               |    pointer   |
|data_V_data_32_V_read     | out |    1|   ap_fifo  |               data_V_data_32_V               |    pointer   |
|data_V_data_33_V_dout     |  in |   16|   ap_fifo  |               data_V_data_33_V               |    pointer   |
|data_V_data_33_V_empty_n  |  in |    1|   ap_fifo  |               data_V_data_33_V               |    pointer   |
|data_V_data_33_V_read     | out |    1|   ap_fifo  |               data_V_data_33_V               |    pointer   |
|data_V_data_34_V_dout     |  in |   16|   ap_fifo  |               data_V_data_34_V               |    pointer   |
|data_V_data_34_V_empty_n  |  in |    1|   ap_fifo  |               data_V_data_34_V               |    pointer   |
|data_V_data_34_V_read     | out |    1|   ap_fifo  |               data_V_data_34_V               |    pointer   |
|data_V_data_35_V_dout     |  in |   16|   ap_fifo  |               data_V_data_35_V               |    pointer   |
|data_V_data_35_V_empty_n  |  in |    1|   ap_fifo  |               data_V_data_35_V               |    pointer   |
|data_V_data_35_V_read     | out |    1|   ap_fifo  |               data_V_data_35_V               |    pointer   |
|data_V_data_36_V_dout     |  in |   16|   ap_fifo  |               data_V_data_36_V               |    pointer   |
|data_V_data_36_V_empty_n  |  in |    1|   ap_fifo  |               data_V_data_36_V               |    pointer   |
|data_V_data_36_V_read     | out |    1|   ap_fifo  |               data_V_data_36_V               |    pointer   |
|data_V_data_37_V_dout     |  in |   16|   ap_fifo  |               data_V_data_37_V               |    pointer   |
|data_V_data_37_V_empty_n  |  in |    1|   ap_fifo  |               data_V_data_37_V               |    pointer   |
|data_V_data_37_V_read     | out |    1|   ap_fifo  |               data_V_data_37_V               |    pointer   |
|data_V_data_38_V_dout     |  in |   16|   ap_fifo  |               data_V_data_38_V               |    pointer   |
|data_V_data_38_V_empty_n  |  in |    1|   ap_fifo  |               data_V_data_38_V               |    pointer   |
|data_V_data_38_V_read     | out |    1|   ap_fifo  |               data_V_data_38_V               |    pointer   |
|data_V_data_39_V_dout     |  in |   16|   ap_fifo  |               data_V_data_39_V               |    pointer   |
|data_V_data_39_V_empty_n  |  in |    1|   ap_fifo  |               data_V_data_39_V               |    pointer   |
|data_V_data_39_V_read     | out |    1|   ap_fifo  |               data_V_data_39_V               |    pointer   |
|data_V_data_40_V_dout     |  in |   16|   ap_fifo  |               data_V_data_40_V               |    pointer   |
|data_V_data_40_V_empty_n  |  in |    1|   ap_fifo  |               data_V_data_40_V               |    pointer   |
|data_V_data_40_V_read     | out |    1|   ap_fifo  |               data_V_data_40_V               |    pointer   |
|data_V_data_41_V_dout     |  in |   16|   ap_fifo  |               data_V_data_41_V               |    pointer   |
|data_V_data_41_V_empty_n  |  in |    1|   ap_fifo  |               data_V_data_41_V               |    pointer   |
|data_V_data_41_V_read     | out |    1|   ap_fifo  |               data_V_data_41_V               |    pointer   |
|data_V_data_42_V_dout     |  in |   16|   ap_fifo  |               data_V_data_42_V               |    pointer   |
|data_V_data_42_V_empty_n  |  in |    1|   ap_fifo  |               data_V_data_42_V               |    pointer   |
|data_V_data_42_V_read     | out |    1|   ap_fifo  |               data_V_data_42_V               |    pointer   |
|data_V_data_43_V_dout     |  in |   16|   ap_fifo  |               data_V_data_43_V               |    pointer   |
|data_V_data_43_V_empty_n  |  in |    1|   ap_fifo  |               data_V_data_43_V               |    pointer   |
|data_V_data_43_V_read     | out |    1|   ap_fifo  |               data_V_data_43_V               |    pointer   |
|data_V_data_44_V_dout     |  in |   16|   ap_fifo  |               data_V_data_44_V               |    pointer   |
|data_V_data_44_V_empty_n  |  in |    1|   ap_fifo  |               data_V_data_44_V               |    pointer   |
|data_V_data_44_V_read     | out |    1|   ap_fifo  |               data_V_data_44_V               |    pointer   |
|data_V_data_45_V_dout     |  in |   16|   ap_fifo  |               data_V_data_45_V               |    pointer   |
|data_V_data_45_V_empty_n  |  in |    1|   ap_fifo  |               data_V_data_45_V               |    pointer   |
|data_V_data_45_V_read     | out |    1|   ap_fifo  |               data_V_data_45_V               |    pointer   |
|data_V_data_46_V_dout     |  in |   16|   ap_fifo  |               data_V_data_46_V               |    pointer   |
|data_V_data_46_V_empty_n  |  in |    1|   ap_fifo  |               data_V_data_46_V               |    pointer   |
|data_V_data_46_V_read     | out |    1|   ap_fifo  |               data_V_data_46_V               |    pointer   |
|data_V_data_47_V_dout     |  in |   16|   ap_fifo  |               data_V_data_47_V               |    pointer   |
|data_V_data_47_V_empty_n  |  in |    1|   ap_fifo  |               data_V_data_47_V               |    pointer   |
|data_V_data_47_V_read     | out |    1|   ap_fifo  |               data_V_data_47_V               |    pointer   |
|data_V_data_48_V_dout     |  in |   16|   ap_fifo  |               data_V_data_48_V               |    pointer   |
|data_V_data_48_V_empty_n  |  in |    1|   ap_fifo  |               data_V_data_48_V               |    pointer   |
|data_V_data_48_V_read     | out |    1|   ap_fifo  |               data_V_data_48_V               |    pointer   |
|data_V_data_49_V_dout     |  in |   16|   ap_fifo  |               data_V_data_49_V               |    pointer   |
|data_V_data_49_V_empty_n  |  in |    1|   ap_fifo  |               data_V_data_49_V               |    pointer   |
|data_V_data_49_V_read     | out |    1|   ap_fifo  |               data_V_data_49_V               |    pointer   |
|data_V_data_50_V_dout     |  in |   16|   ap_fifo  |               data_V_data_50_V               |    pointer   |
|data_V_data_50_V_empty_n  |  in |    1|   ap_fifo  |               data_V_data_50_V               |    pointer   |
|data_V_data_50_V_read     | out |    1|   ap_fifo  |               data_V_data_50_V               |    pointer   |
|data_V_data_51_V_dout     |  in |   16|   ap_fifo  |               data_V_data_51_V               |    pointer   |
|data_V_data_51_V_empty_n  |  in |    1|   ap_fifo  |               data_V_data_51_V               |    pointer   |
|data_V_data_51_V_read     | out |    1|   ap_fifo  |               data_V_data_51_V               |    pointer   |
|data_V_data_52_V_dout     |  in |   16|   ap_fifo  |               data_V_data_52_V               |    pointer   |
|data_V_data_52_V_empty_n  |  in |    1|   ap_fifo  |               data_V_data_52_V               |    pointer   |
|data_V_data_52_V_read     | out |    1|   ap_fifo  |               data_V_data_52_V               |    pointer   |
|data_V_data_53_V_dout     |  in |   16|   ap_fifo  |               data_V_data_53_V               |    pointer   |
|data_V_data_53_V_empty_n  |  in |    1|   ap_fifo  |               data_V_data_53_V               |    pointer   |
|data_V_data_53_V_read     | out |    1|   ap_fifo  |               data_V_data_53_V               |    pointer   |
|data_V_data_54_V_dout     |  in |   16|   ap_fifo  |               data_V_data_54_V               |    pointer   |
|data_V_data_54_V_empty_n  |  in |    1|   ap_fifo  |               data_V_data_54_V               |    pointer   |
|data_V_data_54_V_read     | out |    1|   ap_fifo  |               data_V_data_54_V               |    pointer   |
|data_V_data_55_V_dout     |  in |   16|   ap_fifo  |               data_V_data_55_V               |    pointer   |
|data_V_data_55_V_empty_n  |  in |    1|   ap_fifo  |               data_V_data_55_V               |    pointer   |
|data_V_data_55_V_read     | out |    1|   ap_fifo  |               data_V_data_55_V               |    pointer   |
|data_V_data_56_V_dout     |  in |   16|   ap_fifo  |               data_V_data_56_V               |    pointer   |
|data_V_data_56_V_empty_n  |  in |    1|   ap_fifo  |               data_V_data_56_V               |    pointer   |
|data_V_data_56_V_read     | out |    1|   ap_fifo  |               data_V_data_56_V               |    pointer   |
|data_V_data_57_V_dout     |  in |   16|   ap_fifo  |               data_V_data_57_V               |    pointer   |
|data_V_data_57_V_empty_n  |  in |    1|   ap_fifo  |               data_V_data_57_V               |    pointer   |
|data_V_data_57_V_read     | out |    1|   ap_fifo  |               data_V_data_57_V               |    pointer   |
|data_V_data_58_V_dout     |  in |   16|   ap_fifo  |               data_V_data_58_V               |    pointer   |
|data_V_data_58_V_empty_n  |  in |    1|   ap_fifo  |               data_V_data_58_V               |    pointer   |
|data_V_data_58_V_read     | out |    1|   ap_fifo  |               data_V_data_58_V               |    pointer   |
|data_V_data_59_V_dout     |  in |   16|   ap_fifo  |               data_V_data_59_V               |    pointer   |
|data_V_data_59_V_empty_n  |  in |    1|   ap_fifo  |               data_V_data_59_V               |    pointer   |
|data_V_data_59_V_read     | out |    1|   ap_fifo  |               data_V_data_59_V               |    pointer   |
|data_V_data_60_V_dout     |  in |   16|   ap_fifo  |               data_V_data_60_V               |    pointer   |
|data_V_data_60_V_empty_n  |  in |    1|   ap_fifo  |               data_V_data_60_V               |    pointer   |
|data_V_data_60_V_read     | out |    1|   ap_fifo  |               data_V_data_60_V               |    pointer   |
|data_V_data_61_V_dout     |  in |   16|   ap_fifo  |               data_V_data_61_V               |    pointer   |
|data_V_data_61_V_empty_n  |  in |    1|   ap_fifo  |               data_V_data_61_V               |    pointer   |
|data_V_data_61_V_read     | out |    1|   ap_fifo  |               data_V_data_61_V               |    pointer   |
|data_V_data_62_V_dout     |  in |   16|   ap_fifo  |               data_V_data_62_V               |    pointer   |
|data_V_data_62_V_empty_n  |  in |    1|   ap_fifo  |               data_V_data_62_V               |    pointer   |
|data_V_data_62_V_read     | out |    1|   ap_fifo  |               data_V_data_62_V               |    pointer   |
|data_V_data_63_V_dout     |  in |   16|   ap_fifo  |               data_V_data_63_V               |    pointer   |
|data_V_data_63_V_empty_n  |  in |    1|   ap_fifo  |               data_V_data_63_V               |    pointer   |
|data_V_data_63_V_read     | out |    1|   ap_fifo  |               data_V_data_63_V               |    pointer   |
|res_V_data_0_V_din        | out |   16|   ap_fifo  |                res_V_data_0_V                |    pointer   |
|res_V_data_0_V_full_n     |  in |    1|   ap_fifo  |                res_V_data_0_V                |    pointer   |
|res_V_data_0_V_write      | out |    1|   ap_fifo  |                res_V_data_0_V                |    pointer   |
|res_V_data_1_V_din        | out |   16|   ap_fifo  |                res_V_data_1_V                |    pointer   |
|res_V_data_1_V_full_n     |  in |    1|   ap_fifo  |                res_V_data_1_V                |    pointer   |
|res_V_data_1_V_write      | out |    1|   ap_fifo  |                res_V_data_1_V                |    pointer   |
|res_V_data_2_V_din        | out |   16|   ap_fifo  |                res_V_data_2_V                |    pointer   |
|res_V_data_2_V_full_n     |  in |    1|   ap_fifo  |                res_V_data_2_V                |    pointer   |
|res_V_data_2_V_write      | out |    1|   ap_fifo  |                res_V_data_2_V                |    pointer   |
|res_V_data_3_V_din        | out |   16|   ap_fifo  |                res_V_data_3_V                |    pointer   |
|res_V_data_3_V_full_n     |  in |    1|   ap_fifo  |                res_V_data_3_V                |    pointer   |
|res_V_data_3_V_write      | out |    1|   ap_fifo  |                res_V_data_3_V                |    pointer   |
|res_V_data_4_V_din        | out |   16|   ap_fifo  |                res_V_data_4_V                |    pointer   |
|res_V_data_4_V_full_n     |  in |    1|   ap_fifo  |                res_V_data_4_V                |    pointer   |
|res_V_data_4_V_write      | out |    1|   ap_fifo  |                res_V_data_4_V                |    pointer   |
|res_V_data_5_V_din        | out |   16|   ap_fifo  |                res_V_data_5_V                |    pointer   |
|res_V_data_5_V_full_n     |  in |    1|   ap_fifo  |                res_V_data_5_V                |    pointer   |
|res_V_data_5_V_write      | out |    1|   ap_fifo  |                res_V_data_5_V                |    pointer   |
|res_V_data_6_V_din        | out |   16|   ap_fifo  |                res_V_data_6_V                |    pointer   |
|res_V_data_6_V_full_n     |  in |    1|   ap_fifo  |                res_V_data_6_V                |    pointer   |
|res_V_data_6_V_write      | out |    1|   ap_fifo  |                res_V_data_6_V                |    pointer   |
|res_V_data_7_V_din        | out |   16|   ap_fifo  |                res_V_data_7_V                |    pointer   |
|res_V_data_7_V_full_n     |  in |    1|   ap_fifo  |                res_V_data_7_V                |    pointer   |
|res_V_data_7_V_write      | out |    1|   ap_fifo  |                res_V_data_7_V                |    pointer   |
|res_V_data_8_V_din        | out |   16|   ap_fifo  |                res_V_data_8_V                |    pointer   |
|res_V_data_8_V_full_n     |  in |    1|   ap_fifo  |                res_V_data_8_V                |    pointer   |
|res_V_data_8_V_write      | out |    1|   ap_fifo  |                res_V_data_8_V                |    pointer   |
|res_V_data_9_V_din        | out |   16|   ap_fifo  |                res_V_data_9_V                |    pointer   |
|res_V_data_9_V_full_n     |  in |    1|   ap_fifo  |                res_V_data_9_V                |    pointer   |
|res_V_data_9_V_write      | out |    1|   ap_fifo  |                res_V_data_9_V                |    pointer   |
|res_V_data_10_V_din       | out |   16|   ap_fifo  |                res_V_data_10_V               |    pointer   |
|res_V_data_10_V_full_n    |  in |    1|   ap_fifo  |                res_V_data_10_V               |    pointer   |
|res_V_data_10_V_write     | out |    1|   ap_fifo  |                res_V_data_10_V               |    pointer   |
|res_V_data_11_V_din       | out |   16|   ap_fifo  |                res_V_data_11_V               |    pointer   |
|res_V_data_11_V_full_n    |  in |    1|   ap_fifo  |                res_V_data_11_V               |    pointer   |
|res_V_data_11_V_write     | out |    1|   ap_fifo  |                res_V_data_11_V               |    pointer   |
|res_V_data_12_V_din       | out |   16|   ap_fifo  |                res_V_data_12_V               |    pointer   |
|res_V_data_12_V_full_n    |  in |    1|   ap_fifo  |                res_V_data_12_V               |    pointer   |
|res_V_data_12_V_write     | out |    1|   ap_fifo  |                res_V_data_12_V               |    pointer   |
|res_V_data_13_V_din       | out |   16|   ap_fifo  |                res_V_data_13_V               |    pointer   |
|res_V_data_13_V_full_n    |  in |    1|   ap_fifo  |                res_V_data_13_V               |    pointer   |
|res_V_data_13_V_write     | out |    1|   ap_fifo  |                res_V_data_13_V               |    pointer   |
|res_V_data_14_V_din       | out |   16|   ap_fifo  |                res_V_data_14_V               |    pointer   |
|res_V_data_14_V_full_n    |  in |    1|   ap_fifo  |                res_V_data_14_V               |    pointer   |
|res_V_data_14_V_write     | out |    1|   ap_fifo  |                res_V_data_14_V               |    pointer   |
|res_V_data_15_V_din       | out |   16|   ap_fifo  |                res_V_data_15_V               |    pointer   |
|res_V_data_15_V_full_n    |  in |    1|   ap_fifo  |                res_V_data_15_V               |    pointer   |
|res_V_data_15_V_write     | out |    1|   ap_fifo  |                res_V_data_15_V               |    pointer   |
|res_V_data_16_V_din       | out |   16|   ap_fifo  |                res_V_data_16_V               |    pointer   |
|res_V_data_16_V_full_n    |  in |    1|   ap_fifo  |                res_V_data_16_V               |    pointer   |
|res_V_data_16_V_write     | out |    1|   ap_fifo  |                res_V_data_16_V               |    pointer   |
|res_V_data_17_V_din       | out |   16|   ap_fifo  |                res_V_data_17_V               |    pointer   |
|res_V_data_17_V_full_n    |  in |    1|   ap_fifo  |                res_V_data_17_V               |    pointer   |
|res_V_data_17_V_write     | out |    1|   ap_fifo  |                res_V_data_17_V               |    pointer   |
|res_V_data_18_V_din       | out |   16|   ap_fifo  |                res_V_data_18_V               |    pointer   |
|res_V_data_18_V_full_n    |  in |    1|   ap_fifo  |                res_V_data_18_V               |    pointer   |
|res_V_data_18_V_write     | out |    1|   ap_fifo  |                res_V_data_18_V               |    pointer   |
|res_V_data_19_V_din       | out |   16|   ap_fifo  |                res_V_data_19_V               |    pointer   |
|res_V_data_19_V_full_n    |  in |    1|   ap_fifo  |                res_V_data_19_V               |    pointer   |
|res_V_data_19_V_write     | out |    1|   ap_fifo  |                res_V_data_19_V               |    pointer   |
|res_V_data_20_V_din       | out |   16|   ap_fifo  |                res_V_data_20_V               |    pointer   |
|res_V_data_20_V_full_n    |  in |    1|   ap_fifo  |                res_V_data_20_V               |    pointer   |
|res_V_data_20_V_write     | out |    1|   ap_fifo  |                res_V_data_20_V               |    pointer   |
|res_V_data_21_V_din       | out |   16|   ap_fifo  |                res_V_data_21_V               |    pointer   |
|res_V_data_21_V_full_n    |  in |    1|   ap_fifo  |                res_V_data_21_V               |    pointer   |
|res_V_data_21_V_write     | out |    1|   ap_fifo  |                res_V_data_21_V               |    pointer   |
|res_V_data_22_V_din       | out |   16|   ap_fifo  |                res_V_data_22_V               |    pointer   |
|res_V_data_22_V_full_n    |  in |    1|   ap_fifo  |                res_V_data_22_V               |    pointer   |
|res_V_data_22_V_write     | out |    1|   ap_fifo  |                res_V_data_22_V               |    pointer   |
|res_V_data_23_V_din       | out |   16|   ap_fifo  |                res_V_data_23_V               |    pointer   |
|res_V_data_23_V_full_n    |  in |    1|   ap_fifo  |                res_V_data_23_V               |    pointer   |
|res_V_data_23_V_write     | out |    1|   ap_fifo  |                res_V_data_23_V               |    pointer   |
|res_V_data_24_V_din       | out |   16|   ap_fifo  |                res_V_data_24_V               |    pointer   |
|res_V_data_24_V_full_n    |  in |    1|   ap_fifo  |                res_V_data_24_V               |    pointer   |
|res_V_data_24_V_write     | out |    1|   ap_fifo  |                res_V_data_24_V               |    pointer   |
|res_V_data_25_V_din       | out |   16|   ap_fifo  |                res_V_data_25_V               |    pointer   |
|res_V_data_25_V_full_n    |  in |    1|   ap_fifo  |                res_V_data_25_V               |    pointer   |
|res_V_data_25_V_write     | out |    1|   ap_fifo  |                res_V_data_25_V               |    pointer   |
|res_V_data_26_V_din       | out |   16|   ap_fifo  |                res_V_data_26_V               |    pointer   |
|res_V_data_26_V_full_n    |  in |    1|   ap_fifo  |                res_V_data_26_V               |    pointer   |
|res_V_data_26_V_write     | out |    1|   ap_fifo  |                res_V_data_26_V               |    pointer   |
|res_V_data_27_V_din       | out |   16|   ap_fifo  |                res_V_data_27_V               |    pointer   |
|res_V_data_27_V_full_n    |  in |    1|   ap_fifo  |                res_V_data_27_V               |    pointer   |
|res_V_data_27_V_write     | out |    1|   ap_fifo  |                res_V_data_27_V               |    pointer   |
|res_V_data_28_V_din       | out |   16|   ap_fifo  |                res_V_data_28_V               |    pointer   |
|res_V_data_28_V_full_n    |  in |    1|   ap_fifo  |                res_V_data_28_V               |    pointer   |
|res_V_data_28_V_write     | out |    1|   ap_fifo  |                res_V_data_28_V               |    pointer   |
|res_V_data_29_V_din       | out |   16|   ap_fifo  |                res_V_data_29_V               |    pointer   |
|res_V_data_29_V_full_n    |  in |    1|   ap_fifo  |                res_V_data_29_V               |    pointer   |
|res_V_data_29_V_write     | out |    1|   ap_fifo  |                res_V_data_29_V               |    pointer   |
|res_V_data_30_V_din       | out |   16|   ap_fifo  |                res_V_data_30_V               |    pointer   |
|res_V_data_30_V_full_n    |  in |    1|   ap_fifo  |                res_V_data_30_V               |    pointer   |
|res_V_data_30_V_write     | out |    1|   ap_fifo  |                res_V_data_30_V               |    pointer   |
|res_V_data_31_V_din       | out |   16|   ap_fifo  |                res_V_data_31_V               |    pointer   |
|res_V_data_31_V_full_n    |  in |    1|   ap_fifo  |                res_V_data_31_V               |    pointer   |
|res_V_data_31_V_write     | out |    1|   ap_fifo  |                res_V_data_31_V               |    pointer   |
|res_V_data_32_V_din       | out |   16|   ap_fifo  |                res_V_data_32_V               |    pointer   |
|res_V_data_32_V_full_n    |  in |    1|   ap_fifo  |                res_V_data_32_V               |    pointer   |
|res_V_data_32_V_write     | out |    1|   ap_fifo  |                res_V_data_32_V               |    pointer   |
|res_V_data_33_V_din       | out |   16|   ap_fifo  |                res_V_data_33_V               |    pointer   |
|res_V_data_33_V_full_n    |  in |    1|   ap_fifo  |                res_V_data_33_V               |    pointer   |
|res_V_data_33_V_write     | out |    1|   ap_fifo  |                res_V_data_33_V               |    pointer   |
|res_V_data_34_V_din       | out |   16|   ap_fifo  |                res_V_data_34_V               |    pointer   |
|res_V_data_34_V_full_n    |  in |    1|   ap_fifo  |                res_V_data_34_V               |    pointer   |
|res_V_data_34_V_write     | out |    1|   ap_fifo  |                res_V_data_34_V               |    pointer   |
|res_V_data_35_V_din       | out |   16|   ap_fifo  |                res_V_data_35_V               |    pointer   |
|res_V_data_35_V_full_n    |  in |    1|   ap_fifo  |                res_V_data_35_V               |    pointer   |
|res_V_data_35_V_write     | out |    1|   ap_fifo  |                res_V_data_35_V               |    pointer   |
|res_V_data_36_V_din       | out |   16|   ap_fifo  |                res_V_data_36_V               |    pointer   |
|res_V_data_36_V_full_n    |  in |    1|   ap_fifo  |                res_V_data_36_V               |    pointer   |
|res_V_data_36_V_write     | out |    1|   ap_fifo  |                res_V_data_36_V               |    pointer   |
|res_V_data_37_V_din       | out |   16|   ap_fifo  |                res_V_data_37_V               |    pointer   |
|res_V_data_37_V_full_n    |  in |    1|   ap_fifo  |                res_V_data_37_V               |    pointer   |
|res_V_data_37_V_write     | out |    1|   ap_fifo  |                res_V_data_37_V               |    pointer   |
|res_V_data_38_V_din       | out |   16|   ap_fifo  |                res_V_data_38_V               |    pointer   |
|res_V_data_38_V_full_n    |  in |    1|   ap_fifo  |                res_V_data_38_V               |    pointer   |
|res_V_data_38_V_write     | out |    1|   ap_fifo  |                res_V_data_38_V               |    pointer   |
|res_V_data_39_V_din       | out |   16|   ap_fifo  |                res_V_data_39_V               |    pointer   |
|res_V_data_39_V_full_n    |  in |    1|   ap_fifo  |                res_V_data_39_V               |    pointer   |
|res_V_data_39_V_write     | out |    1|   ap_fifo  |                res_V_data_39_V               |    pointer   |
|res_V_data_40_V_din       | out |   16|   ap_fifo  |                res_V_data_40_V               |    pointer   |
|res_V_data_40_V_full_n    |  in |    1|   ap_fifo  |                res_V_data_40_V               |    pointer   |
|res_V_data_40_V_write     | out |    1|   ap_fifo  |                res_V_data_40_V               |    pointer   |
|res_V_data_41_V_din       | out |   16|   ap_fifo  |                res_V_data_41_V               |    pointer   |
|res_V_data_41_V_full_n    |  in |    1|   ap_fifo  |                res_V_data_41_V               |    pointer   |
|res_V_data_41_V_write     | out |    1|   ap_fifo  |                res_V_data_41_V               |    pointer   |
|res_V_data_42_V_din       | out |   16|   ap_fifo  |                res_V_data_42_V               |    pointer   |
|res_V_data_42_V_full_n    |  in |    1|   ap_fifo  |                res_V_data_42_V               |    pointer   |
|res_V_data_42_V_write     | out |    1|   ap_fifo  |                res_V_data_42_V               |    pointer   |
|res_V_data_43_V_din       | out |   16|   ap_fifo  |                res_V_data_43_V               |    pointer   |
|res_V_data_43_V_full_n    |  in |    1|   ap_fifo  |                res_V_data_43_V               |    pointer   |
|res_V_data_43_V_write     | out |    1|   ap_fifo  |                res_V_data_43_V               |    pointer   |
|res_V_data_44_V_din       | out |   16|   ap_fifo  |                res_V_data_44_V               |    pointer   |
|res_V_data_44_V_full_n    |  in |    1|   ap_fifo  |                res_V_data_44_V               |    pointer   |
|res_V_data_44_V_write     | out |    1|   ap_fifo  |                res_V_data_44_V               |    pointer   |
|res_V_data_45_V_din       | out |   16|   ap_fifo  |                res_V_data_45_V               |    pointer   |
|res_V_data_45_V_full_n    |  in |    1|   ap_fifo  |                res_V_data_45_V               |    pointer   |
|res_V_data_45_V_write     | out |    1|   ap_fifo  |                res_V_data_45_V               |    pointer   |
|res_V_data_46_V_din       | out |   16|   ap_fifo  |                res_V_data_46_V               |    pointer   |
|res_V_data_46_V_full_n    |  in |    1|   ap_fifo  |                res_V_data_46_V               |    pointer   |
|res_V_data_46_V_write     | out |    1|   ap_fifo  |                res_V_data_46_V               |    pointer   |
|res_V_data_47_V_din       | out |   16|   ap_fifo  |                res_V_data_47_V               |    pointer   |
|res_V_data_47_V_full_n    |  in |    1|   ap_fifo  |                res_V_data_47_V               |    pointer   |
|res_V_data_47_V_write     | out |    1|   ap_fifo  |                res_V_data_47_V               |    pointer   |
|res_V_data_48_V_din       | out |   16|   ap_fifo  |                res_V_data_48_V               |    pointer   |
|res_V_data_48_V_full_n    |  in |    1|   ap_fifo  |                res_V_data_48_V               |    pointer   |
|res_V_data_48_V_write     | out |    1|   ap_fifo  |                res_V_data_48_V               |    pointer   |
|res_V_data_49_V_din       | out |   16|   ap_fifo  |                res_V_data_49_V               |    pointer   |
|res_V_data_49_V_full_n    |  in |    1|   ap_fifo  |                res_V_data_49_V               |    pointer   |
|res_V_data_49_V_write     | out |    1|   ap_fifo  |                res_V_data_49_V               |    pointer   |
|res_V_data_50_V_din       | out |   16|   ap_fifo  |                res_V_data_50_V               |    pointer   |
|res_V_data_50_V_full_n    |  in |    1|   ap_fifo  |                res_V_data_50_V               |    pointer   |
|res_V_data_50_V_write     | out |    1|   ap_fifo  |                res_V_data_50_V               |    pointer   |
|res_V_data_51_V_din       | out |   16|   ap_fifo  |                res_V_data_51_V               |    pointer   |
|res_V_data_51_V_full_n    |  in |    1|   ap_fifo  |                res_V_data_51_V               |    pointer   |
|res_V_data_51_V_write     | out |    1|   ap_fifo  |                res_V_data_51_V               |    pointer   |
|res_V_data_52_V_din       | out |   16|   ap_fifo  |                res_V_data_52_V               |    pointer   |
|res_V_data_52_V_full_n    |  in |    1|   ap_fifo  |                res_V_data_52_V               |    pointer   |
|res_V_data_52_V_write     | out |    1|   ap_fifo  |                res_V_data_52_V               |    pointer   |
|res_V_data_53_V_din       | out |   16|   ap_fifo  |                res_V_data_53_V               |    pointer   |
|res_V_data_53_V_full_n    |  in |    1|   ap_fifo  |                res_V_data_53_V               |    pointer   |
|res_V_data_53_V_write     | out |    1|   ap_fifo  |                res_V_data_53_V               |    pointer   |
|res_V_data_54_V_din       | out |   16|   ap_fifo  |                res_V_data_54_V               |    pointer   |
|res_V_data_54_V_full_n    |  in |    1|   ap_fifo  |                res_V_data_54_V               |    pointer   |
|res_V_data_54_V_write     | out |    1|   ap_fifo  |                res_V_data_54_V               |    pointer   |
|res_V_data_55_V_din       | out |   16|   ap_fifo  |                res_V_data_55_V               |    pointer   |
|res_V_data_55_V_full_n    |  in |    1|   ap_fifo  |                res_V_data_55_V               |    pointer   |
|res_V_data_55_V_write     | out |    1|   ap_fifo  |                res_V_data_55_V               |    pointer   |
|res_V_data_56_V_din       | out |   16|   ap_fifo  |                res_V_data_56_V               |    pointer   |
|res_V_data_56_V_full_n    |  in |    1|   ap_fifo  |                res_V_data_56_V               |    pointer   |
|res_V_data_56_V_write     | out |    1|   ap_fifo  |                res_V_data_56_V               |    pointer   |
|res_V_data_57_V_din       | out |   16|   ap_fifo  |                res_V_data_57_V               |    pointer   |
|res_V_data_57_V_full_n    |  in |    1|   ap_fifo  |                res_V_data_57_V               |    pointer   |
|res_V_data_57_V_write     | out |    1|   ap_fifo  |                res_V_data_57_V               |    pointer   |
|res_V_data_58_V_din       | out |   16|   ap_fifo  |                res_V_data_58_V               |    pointer   |
|res_V_data_58_V_full_n    |  in |    1|   ap_fifo  |                res_V_data_58_V               |    pointer   |
|res_V_data_58_V_write     | out |    1|   ap_fifo  |                res_V_data_58_V               |    pointer   |
|res_V_data_59_V_din       | out |   16|   ap_fifo  |                res_V_data_59_V               |    pointer   |
|res_V_data_59_V_full_n    |  in |    1|   ap_fifo  |                res_V_data_59_V               |    pointer   |
|res_V_data_59_V_write     | out |    1|   ap_fifo  |                res_V_data_59_V               |    pointer   |
|res_V_data_60_V_din       | out |   16|   ap_fifo  |                res_V_data_60_V               |    pointer   |
|res_V_data_60_V_full_n    |  in |    1|   ap_fifo  |                res_V_data_60_V               |    pointer   |
|res_V_data_60_V_write     | out |    1|   ap_fifo  |                res_V_data_60_V               |    pointer   |
|res_V_data_61_V_din       | out |   16|   ap_fifo  |                res_V_data_61_V               |    pointer   |
|res_V_data_61_V_full_n    |  in |    1|   ap_fifo  |                res_V_data_61_V               |    pointer   |
|res_V_data_61_V_write     | out |    1|   ap_fifo  |                res_V_data_61_V               |    pointer   |
|res_V_data_62_V_din       | out |   16|   ap_fifo  |                res_V_data_62_V               |    pointer   |
|res_V_data_62_V_full_n    |  in |    1|   ap_fifo  |                res_V_data_62_V               |    pointer   |
|res_V_data_62_V_write     | out |    1|   ap_fifo  |                res_V_data_62_V               |    pointer   |
|res_V_data_63_V_din       | out |   16|   ap_fifo  |                res_V_data_63_V               |    pointer   |
|res_V_data_63_V_full_n    |  in |    1|   ap_fifo  |                res_V_data_63_V               |    pointer   |
|res_V_data_63_V_write     | out |    1|   ap_fifo  |                res_V_data_63_V               |    pointer   |
+--------------------------+-----+-----+------------+----------------------------------------------+--------------+

