Copyright 1986-2020 Xilinx, Inc. All Rights Reserved.
-------------------------------------------------------------------------------------------------------------------------------------------------------------------------------------------------------
| Tool Version : Vivado v.2020.1 (lin64) Build 2902540 Wed May 27 19:54:35 MDT 2020
| Date         : Tue Jun 29 11:21:13 2021
| Host         : ferroelectric running 64-bit Ubuntu 20.04.3 LTS
| Command      : report_accelerator_utilization -kernels { krnl_rtl:pfm_top_i/dynamic_region/krnl_rtl_1/inst:krnl_rtl_1} -file ../../../output/kernel_util_synthed.rpt -name kernel_util_synthed -json
| Design       : pfm_top_wrapper
| Device       : xcu250
| Design State : Synthesized
-------------------------------------------------------------------------------------------------------------------------------------------------------------------------------------------------------

Accelerator Utilization Design Information

Table of Contents
-----------------
1. System Utilization

1. System Utilization
---------------------

+---------------------+-------------------+------------------+-------------------+----------------+----------------+-----------------+
| Name                | LUT               | LUTAsMem         | REG               | BRAM           | URAM           | DSP             |
+---------------------+-------------------+------------------+-------------------+----------------+----------------+-----------------+
| Platform            |  156517 [  9.06%] |  15415 [  1.95%] |  227487 [  6.59%] |  227 [  8.44%] |    0 [  0.00%] |     7 [  0.06%] |
| User Budget         | 1570523 [100.00%] | 775145 [100.00%] | 3226593 [100.00%] | 2461 [100.00%] | 1280 [100.00%] | 12281 [100.00%] |
|    Used Resources   |   56897 [  3.62%] |    192 [  0.02%] |   63767 [  1.98%] |  105 [  4.27%] |    0 [  0.00%] |  1110 [  9.04%] |
|    Unused Resources | 1513626 [ 96.38%] | 774953 [ 99.98%] | 3162826 [ 98.02%] | 2356 [ 95.73%] | 1280 [100.00%] | 11171 [ 90.96%] |
| krnl_rtl            |   56897 [  3.62%] |    192 [  0.02%] |   63767 [  1.98%] |  105 [  4.27%] |    0 [  0.00%] |  1110 [  9.04%] |
|    krnl_rtl_1       |   56897 [  3.62%] |    192 [  0.02%] |   63767 [  1.98%] |  105 [  4.27%] |    0 [  0.00%] |  1110 [  9.04%] |
+---------------------+-------------------+------------------+-------------------+----------------+----------------+-----------------+


